manifest 12 instances, 0 done, 12 to run
[1/12] resnet_2b prop_0_eps_0.008.vnnlib ...
    -> NO_RESULT_LINE (Nones, wall 315.7s, exit 0)
[2/12] resnet_2b prop_1_eps_0.008.vnnlib ...
    -> NO_RESULT_LINE (Nones, wall 99.2s, exit 0)
[3/12] resnet_2b prop_2_eps_0.008.vnnlib ...
    -> NO_RESULT_LINE (Nones, wall 11.6s, exit 0)
[4/12] resnet_4b resnet4b_prop_0_eps_0.004.vnnlib ...
    -> NO_RESULT_LINE (Nones, wall 49.6s, exit 0)
[5/12] resnet_4b resnet4b_prop_1_eps_0.004.vnnlib ...
    -> NO_RESULT_LINE (Nones, wall 62.8s, exit 0)
[6/12] resnet_4b resnet4b_prop_2_eps_0.004.vnnlib ...
    -> NO_RESULT_LINE (Nones, wall 8.3s, exit 0)
[7/12] mnist-net_256x2 prop_0_0.03.vnnlib ...
    -> NO_RESULT_LINE (Nones, wall 6.6s, exit 0)
[8/12] mnist-net_256x2 prop_1_0.03.vnnlib ...
    -> NO_RESULT_LINE (Nones, wall 8.0s, exit 0)
[9/12] mnist-net_256x2 prop_2_0.03.vnnlib ...
    -> NO_RESULT_LINE (Nones, wall 4.8s, exit 0)
[10/12] ffnnSIGMOID_6x200 mnist_spec_idx_56_eps_0.01200.vnnlib ...
    -> NO_RESULT_LINE (Nones, wall 6.5s, exit 0)
[11/12] ffnnSIGMOID_6x200 mnist_spec_idx_7167_eps_0.01200.vnnlib ...
    -> NO_RESULT_LINE (Nones, wall 5.2s, exit 0)
[12/12] ffnnSIGMOID_6x200 mnist_spec_idx_7955_eps_0.01200.vnnlib ...
    -> NO_RESULT_LINE (Nones, wall 4.9s, exit 0)
DONE
