13 runs planned (5 manifest entries x their epsilons, 0 already done, skipped).
[1/13] inception_mnist unfused baseline eps=0.02 [0:10] ...
    -> exit=0 wall=295.4s verified_acc=90.0
[2/13] inception_mnist unfused baseline eps=0.05 [0:10] ...
    -> exit=0 wall=345.6s verified_acc=70.0
[3/13] inception_mnist unfused baseline eps=0.1 [0:10] ...
    -> exit=0 wall=631.2s verified_acc=20.0
[4/13] inception_mnist unfused baseline eps=0.15 [0:10] ...
    -> exit=0 wall=754.1s verified_acc=10.0
[5/13] inception_mnist unfused baseline eps=0.2 [0:10] ...
    -> exit=0 wall=699.0s verified_acc=0.0
[6/13] inception_mnist fused_v2 handverified eps=0.02 [0:10] ...
    -> exit=0 wall=161.9s verified_acc=90.0
[7/13] inception_mnist fused_v2 handverified eps=0.05 [0:10] ...
    -> exit=0 wall=504.1s verified_acc=50.0
[8/13] inception_mnist fused_v2 handverified eps=0.1 [0:10] ...
    -> exit=0 wall=734.8s verified_acc=10.0
[9/13] inception_mnist fused_v2 handverified eps=0.15 [0:10] ...
    -> exit=0 wall=715.9s verified_acc=0.0
[10/13] inception_mnist fused_v2 handverified eps=0.2 [0:10] ...
    -> exit=0 wall=896.7s verified_acc=0.0
[11/13] inception_mnist fused_auto repvar1 eps=0.1 [0:10] ...
    -> exit=0 wall=828.6s verified_acc=10.0
[12/13] mnist_cnn_a unfused baseline eps=0.1 [0:10] ...
    -> exit=0 wall=95.1s verified_acc=100.0
[13/13] resnet2b unfused baseline eps=0.031 [0:10] ...
    -> exit=0 wall=743.3s verified_acc=0.0
