/usr/bin/bash: /opt/conda/lib/libtinfo.so.6: no version information available (required by /usr/bin/bash)
[16:00:13] [0/3] protobuf bindings
[16:00:14] [1/3] generator (FULL op set, depth 3, all 4 relaxations)
Target Graph: Transpose_10[0]{input0(TransposeShuffle_10[0]{input0(w2)})} | TransposeShuffle_10[0]{input0(w3)} | 
===================== Generated 3854070 Transfers =====================
[16:26:27] pb size: 976M
[16:26:27] [2/3] pb2egg (+ multi-output save)
    total rules in pb:        3854070
    saved multi-output -> /mmfs1/gscratch/scrubbed/sgvtc/E-graphs for Verifiability/NNs/reassoc_results/fullop_d3_egg.multi.pb: 3711664
    skipped (multi-output):   3711664
    skipped (non-clean ops):  20972
    skipped (identity):       35492
    skipped (unbound RHS var):3579
    emitted egg rules:        79001
      of which min/max rules: 29282
[16:26:59] [3/3] pre-dedup (alpha-equivalence)
    pre-dedup: 79001 -> 6236 unique (exact + alpha-equivalence)
[16:26:59] DONE (through dedup). Op histogram of dedup set:
   9227 ewsub
   5820 ewadd
   4190 matmul
   3510 ewmul
   3399 ewmax
   3303 ewmin
   3022 conv2d
   2451 smul
   1685 concat
   1039 relu
    788 poolavg
    570 poolmax
   79000 /mmfs1/gscratch/scrubbed/sgvtc/E-graphs for Verifiability/NNs/reassoc_results/fullop_d3_egg.txt
    6235 /mmfs1/gscratch/scrubbed/sgvtc/E-graphs for Verifiability/NNs/reassoc_results/fullop_d3_dedup.txt
   85235 total
[16:27:00] NEXT: verify (conv->-m verify, pwl->z3) + prune -> fullop core
