# N=32 d=8 reps=20 eps=0.1 method=CROWN-Optimized dev=cuda
# depth chain=31 balanced=5 (#relus identical = 31)
rep00  ub_chain=  5.4762 ub_bal=  5.5410  gap_chain= 0.3365 gap_bal= 0.4013  unstable c/b=3/9 of 31  chain_tighter=True  (eq=9.5e-07)
rep01  ub_chain=  8.0369 ub_bal=  8.0369  gap_chain= 0.1905 gap_bal= 0.1905  unstable c/b=2/3 of 31  chain_tighter=False  (eq=4.8e-07)
rep02  ub_chain=  6.4883 ub_bal=  6.4883  gap_chain= 0.2032 gap_bal= 0.2032  unstable c/b=4/6 of 31  chain_tighter=False  (eq=9.5e-07)
rep03  ub_chain= 12.8089 ub_bal= 12.8089  gap_chain= 0.2481 gap_bal= 0.2481  unstable c/b=2/6 of 31  chain_tighter=False  (eq=1.9e-06)
rep04  ub_chain=  5.5927 ub_bal=  5.5927  gap_chain= 0.1169 gap_bal= 0.1169  unstable c/b=1/2 of 31  chain_tighter=False  (eq=9.5e-07)
rep05  ub_chain=  5.0339 ub_bal=  5.2479  gap_chain= 0.0894 gap_bal= 0.3034  unstable c/b=5/9 of 31  chain_tighter=True  (eq=9.5e-07)
rep06  ub_chain=  8.5324 ub_bal=  8.5952  gap_chain= 0.1762 gap_bal= 0.2390  unstable c/b=1/4 of 31  chain_tighter=True  (eq=9.5e-07)
rep07  ub_chain= 10.2730 ub_bal= 10.2730  gap_chain= 0.1610 gap_bal= 0.1610  unstable c/b=0/4 of 31  chain_tighter=False  (eq=1.9e-06)
rep08  ub_chain=  6.6008 ub_bal=  6.7402  gap_chain= 0.2246 gap_bal= 0.3640  unstable c/b=2/6 of 31  chain_tighter=True  (eq=9.5e-07)
rep09  ub_chain=  6.5990 ub_bal=  6.5990  gap_chain= 0.2040 gap_bal= 0.2040  unstable c/b=1/5 of 31  chain_tighter=False  (eq=9.5e-07)
rep10  ub_chain= 10.1336 ub_bal= 10.1336  gap_chain= 0.2902 gap_bal= 0.2902  unstable c/b=0/4 of 31  chain_tighter=False  (eq=1.9e-06)
rep11  ub_chain=  6.8772 ub_bal=  6.8772  gap_chain= 0.1972 gap_bal= 0.1972  unstable c/b=0/8 of 31  chain_tighter=False  (eq=9.5e-07)
rep12  ub_chain=  7.7059 ub_bal=  7.6100  gap_chain= 0.2119 gap_bal= 0.1160  unstable c/b=4/3 of 31  chain_tighter=False  (eq=9.5e-07)
rep13  ub_chain=  6.1746 ub_bal=  6.1746  gap_chain= 0.0966 gap_bal= 0.0966  unstable c/b=4/8 of 31  chain_tighter=False  (eq=4.8e-07)
rep14  ub_chain=  8.4598 ub_bal=  8.4598  gap_chain= 0.1517 gap_bal= 0.1517  unstable c/b=4/5 of 31  chain_tighter=False  (eq=1.4e-06)
rep15  ub_chain=  9.6785 ub_bal=  9.6785  gap_chain= 0.1188 gap_bal= 0.1188  unstable c/b=0/2 of 31  chain_tighter=False  (eq=9.5e-07)
rep16  ub_chain= 10.8257 ub_bal= 10.8257  gap_chain= 0.1656 gap_bal= 0.1656  unstable c/b=2/4 of 31  chain_tighter=False  (eq=9.5e-07)
rep17  ub_chain=  4.8742 ub_bal=  4.8742  gap_chain= 0.0716 gap_bal= 0.0716  unstable c/b=1/4 of 31  chain_tighter=False  (eq=4.8e-07)
rep18  ub_chain=  8.8248 ub_bal=  8.8248  gap_chain= 0.2000 gap_bal= 0.2000  unstable c/b=1/3 of 31  chain_tighter=False  (eq=9.5e-07)
rep19  ub_chain=  9.3127 ub_bal=  9.3127  gap_chain= 0.1605 gap_bal= 0.1605  unstable c/b=6/9 of 31  chain_tighter=False  (eq=9.5e-07)

=== SUMMARY ===
chain tighter (ub_chain<ub_bal):    4/20
balanced tighter:                   1/20
mean gap-to-true  chain=0.1807  balanced=0.2000
mean ub           chain=7.9155  balanced=7.9347
mean (ub_bal-ub_chain) = 0.0193  (>0 => chain tighter)
mean unstable relus  chain=2.15  balanced=5.20  (of 31 total)
