/mmfs1/gscratch/scrubbed/sgvtc/E-graphs for Verifiability/alpha-beta-CROWN/.venv/lib/python3.11/site-packages/torch/jit/_script.py:1488: DeprecationWarning: `torch.jit.script` is deprecated. Please switch to `torch.compile` or `torch.export`.
  warnings.warn(
INFO     15:48:59     [tensor_storage.py:70] Hugepage enabled for branch-and-bound domains.
/mmfs1/gscratch/scrubbed/sgvtc/E-graphs for Verifiability/alpha-beta-CROWN/.venv/lib/python3.11/site-packages/onnx2pytorch/convert/layer.py:29: UserWarning: The given NumPy array is not writable, and PyTorch does not support non-writable tensors. This means writing to this tensor will result in undefined behavior. You may want to copy the array to protect its data or make it writable before converting it to a tensor. This type of warning will be suppressed for the rest of this program. (Triggered internally at /pytorch/torch/csrc/utils/tensor_numpy.cpp:213.)
  layer.weight.data = torch.from_numpy(numpy_helper.to_array(weight))
/mmfs1/gscratch/scrubbed/sgvtc/E-graphs for Verifiability/alpha-beta-CROWN/.venv/lib/python3.11/site-packages/onnx2pytorch/convert/model.py:151: UserWarning: Using experimental implementation that allows 'batch_size > 1'.Batchnorm layers could potentially produce false outputs.
  warnings.warn(
Configurations:

general:
  device: cuda
  seed: 100
  conv_mode: patches
  deterministic: false
  double_fp: false
  loss_reduction_func: sum
  sparse_alpha: true
  sparse_interm: true
  save_adv_example: false
  verify_onnxruntime_output: false
  eval_adv_example: false
  onnx_adv_example: false
  show_adv_example: false
  precompile_jit: false
  reset_seed_after_precompile: false
  prepare_only: false
  complete_verifier: bab
  enable_incomplete_verification: true
  csv_name: null
  results_file: out.txt
  root_path: ''
  deterministic_opt: false
  graph_optimizer: 'Customized("custom_graph_optimizer", "default_optimizer")'
  buffer_has_batchdim: false
  save_output: false
  output_file: out.pkl
  return_optimized_model: false
  store_all_specs_on_cpu: false
  adhoc_tuning: null
model:
  name: null
  path: null
  onnx_path: /mmfs1/gscratch/scrubbed/sgvtc/E-graphs for Verifiability/NNs/candidate_models/mnistfc2021/mnist-net_256x2.onnx
  onnx_path_prefix: ''
  cache_onnx_conversion: false
  debug_onnx: false
  onnx_quirks: null
  input_shape: [-1, 1, 28, 28]
  onnx_loader: default_onnx_and_vnnlib_loader
  onnx_optimization_flags: []
  onnx_vnnlib_joint_optimization_flags: none
  check_optimized: false
  flatten_final_output: false
  optimize_graph: null
  with_jacobian: false
  bound_opts: null
data:
  start: 0
  end: 10000
  select_instance: null
  num_outputs: 10
  mean: 0.0
  std: 1.0
  pkl_path: null
  dataset: null
  data_filter_path: null
  data_idx_file: null
specification:
  type: lp
  robustness_type: verified-acc
  norm: .inf
  epsilon: null
  epsilon_min: 0.0
  vnnlib_path: /mmfs1/gscratch/scrubbed/sgvtc/E-graphs for Verifiability/NNs/candidate_models/mnistfc2021/prop_1_0.03.vnnlib
  vnnlib_path_prefix: ''
  shrink_eps: null
  rhs_offset: null
solver:
  batch_size: 4096
  auto_enlarge_batch_size: true
  batched_crown_auto_enlarge_max_vram_ratio: 0.9
  min_batch_size_ratio: 0.1
  use_float64_in_last_iteration: false
  early_stop_patience: 10
  start_save_best: 0.5
  bound_prop_method: alpha-crown
  init_bound_prop_method: same
  prune_after_crown: true
  optimize_disjuncts_separately: false
  build_batch_size: 1000000
  skip_with_refined_bound: true
  forward_before_compute_bounds: false
  crown:
    batch_size: 1000000000
    max_crown_size: 1000000000
    activation_bound_option: adaptive
    compare_crown_with_ibp: false
  alpha-crown:
    alpha: true
    lr_alpha: 0.1
    iteration: 100
    share_alphas: false
    lr_decay: 0.98
    full_conv_alpha: true
    max_coeff_mul: .inf
    matmul_share_alphas: false
    disable_optimization: []
    max_time: 1.0
    alpha_dtype: float16
    input_split_alpha_iteration: 5
    input_split_lr_alpha: 0.05
  invprop:
    apply_output_constraints_to: []
    tighten_input_bounds: false
    best_of_oc_and_no_oc: false
    directly_optimize: []
    oc_lr: 0.1
    share_gammas: false
  beta-crown:
    lr_alpha: 0.01
    lr_beta: 0.03
    lr_decay: 0.98
    optimizer: adam
    iteration: 20
    beta: true
    beta_warmup: true
    enable_opt_interm_bounds: false
    all_node_split_LP: false
  forward:
    refine: false
    max_dim: 10000
    reset_threshold: 1.0
  mip:
    unstable_neuron_threshold: 0
    parallel_solvers: null
    solver_threads: 1
    refine_neuron_timeout: 15
    refine_neuron_time_percentage: 0.8
    early_stop: true
    adv_warmup: true
    mip_solver: gurobi
    skip_unsafe: false
    topk_filter: 1.0
    sliding_window: -1
    extra_constraint: false
    refine_neuron_timeout_increasement: 0
    timeout_neuron_percentage: 0.3
    remaining_timeout_threshold: 1
    remove_unstable_neurons: false
    formulation: mip
    output_cut: false
bab:
  max_domains: .inf
  decision_thresh: 0
  timeout: 300.0
  timeout_scale: 1
  max_iterations: -1
  override_timeout: null
  get_upper_bound: false
  pruning_in_iteration: true
  pruning_in_iteration_ratio: 0.2
  sort_targets: false
  batched_domain_list: true
  optimized_interm: ''
  interm_transfer: true
  recompute_interm: false
  sort_domain_interval: -1
  tree_traversal: depth_first
  hugetensor_allocator: true
  cut:
    enabled: false
    cuts_path: null
    bab_cut: false
    lp_cut: false
    lr: 0.01
    lr_decay: 1.0
    iteration: 100
    bab_iteration: -1
    early_stop_patience: -1
    lr_beta: 0.02
    number_cuts: 50
    topk_cuts_in_filter: 1000
    batch_size_primal: 100
    max_num: 1000000000
    patches_cut: false
    cplex_cuts: false
    cplex_cuts_wait: 0
    cplex_cuts_revpickup: true
    cut_reference_bounds: true
    fix_intermediate_bounds: false
    manual_cuts: null
    record_cplex_cut_to: null
    read_cplex_cut_from: null
    biccos:
      enabled: false
      auto_param: true
      constraint_strengthening: true
      drop_ratio: 0.5
      max_infer_iter: 20
      max_domain: 10000.0
      heuristic: neuron_influence_score
      save_cuts: false
      multi_tree_branching:
        enabled: false
        restore_best_tree: true
        keep_n_best_domains: 50
        target_batch_size: 200
        iterations: 3
  clip_n_verify:
    rearrange_constraints: false
    alpha_crown: false
    prune: false
    final_layer: false
    clip_input_domain:
      enabled: false
      clip_type: relaxed
      clip_neuron_selection_type: ratio
      clip_neuron_selection_value: -1.0
      clip_iterations: 1
      clip_calculate_volume_metrics: false
    clip_interm_domain:
      enabled: false
      with_input: false
      clip_in_alpha_crown: false
      topk_objective: 20
  branching:
    method: kfsb
    candidates: 5
    reduceop: max
    enable_intermediate_bound_opt: false
    branching_input_and_activation: false
    branching_input_and_activation_order: [input, relu]
    branching_input_iterations: 30
    branching_relu_iterations: 50
    save_visited_domains_to: ''
    nonlinear_split:
      method: bbps
      disable: false
      branching_point_method: uniform
      num_branches: 2
      filter: false
      filter_beta: false
      filter_clamp: false
      filter_batch_size: 10000
      filter_iterations: 25
      relu_only: false
      loose_tanh_threshold: null
      branching_point:
        db_path: branching_points.pt
        num_iterations: 1000
        batch_size: 1000000
        range_l: -5.0
        range_u: 5.0
        log_interval: 100
        step_size_1d: 0.01
        step_size: 0.2
    input_split:
      split_hint: null
      enable: false
      reorder_bab: false
      input_dim_threshold: 20
      adv_check: 0
      split_partitions: 2
      sb_margin_weight: 1.0
      sb_sum: false
      sb_primary_spec: null
      bf_backup_thresh: -1
      bf_rhs_offset: 0
      bf_iters: 1000000000.0
      bf_batch_size: 100000
      bf_zero_crossing_score: false
      touch_zero_score: 0
      ibp_enhancement: true
      compare_with_old_bounds: true
      update_rhs_with_attack: false
      sb_coeff_thresh: 0.001
      sort_index: null
      sort_descending: true
      show_progress: false
      presplit_domains: null
      skip_getting_worst_domain: false
  branching_decision_precompute:
    enable: true
  attack:
    enabled: false
    beam_candidates: 8
    beam_depth: 7
    max_dive_fix_ratio: 0.8
    min_local_free_ratio: 0.2
    mip_start_iteration: 5
    mip_timeout: 30.0
    adv_pool_threshold: null
    refined_mip_attacker: false
    refined_batch_size: null
attack:
  general_attack: true
  pgd_order: skip
  pgd_steps: 100
  pgd_restarts: 30
  pgd_batch_size: 100000000
  pgd_early_stop: true
  pgd_lr_decay: 0.99
  pgd_alpha: auto
  pgd_alpha_scale: false
  pgd_loss_mode: null
  pgd_restart_when_stuck: false
  enable_mip_attack: false
  adv_saver: default_adv_saver
  adv_verifier: default_adv_verifier
  early_stop_condition: default_early_stop_condition
  adv_example_finalizer: default_adv_example_finalizer
  pgd_loss: default_pgd_loss
  cex_path: ./test_cex.txt
  attack_mode: PGD
  attack_tolerance: 0.0
  attack_func: attack_with_general_specs
  gama_lambda: 10.0
  gama_decay: 0.9
  input_split:
    pgd_steps: 100
    pgd_restarts: 30
    pgd_alpha: auto
  input_split_check_adv:
    enabled: auto
    pgd_steps: 5
    pgd_restarts: 5
    pgd_alpha: auto
    max_num_domains: 10
debug:
  view_model: false
  lp_test: null
  rescale_vnnlib_ptb: null
  test_optimized_bounds: false
  test_optimized_bounds_after_n_iterations: 0
  print_verbose_decisions: false
  biccos_mip_sanity_check: false
  sanity_check: 0
  z_split_enabled: false
  save_minimal_config: null
  save_minimal_config_omit_keys: []
solving:
  solving_mode: false
  obj_index: 0

Experiments at Sat Aug 29 15:48:59 2026 on g3113
Internal results will be saved to out.txt.

 %%%%%%%%%%%%%%%%%%%%%%%%%%%%%%%%%%% idx: 0, vnnlib ID: 0 %%%%%%%%%%%%%%%%%%%%%%%%%%%%%%%%%%%
Using onnx /mmfs1/gscratch/scrubbed/sgvtc/E-graphs for Verifiability/NNs/candidate_models/mnistfc2021/mnist-net_256x2.onnx
Using vnnlib /mmfs1/gscratch/scrubbed/sgvtc/E-graphs for Verifiability/NNs/candidate_models/mnistfc2021/prop_1_0.03.vnnlib
784 inputs and 10 outputs in vnnlib
Loading onnx /mmfs1/gscratch/scrubbed/sgvtc/E-graphs for Verifiability/NNs/candidate_models/mnistfc2021/mnist-net_256x2.onnx with quirks {}
Finished onnx model loading in 0.0632 seconds
Finished vnnlib processing in 0.271464 seconds
Model: BoundedModule(
  (/0): BoundInput(name=/0, inputs=[], perturbed=True)
  (/7): BoundParams(name=/7, inputs=[], perturbed=False)
  (/8): BoundParams(name=/8, inputs=[], perturbed=False)
  (/9): BoundParams(name=/9, inputs=[], perturbed=False)
  (/10): BoundParams(name=/10, inputs=[], perturbed=False)
  (/11): BoundParams(name=/11, inputs=[], perturbed=False)
  (/12): BoundParams(name=/12, inputs=[], perturbed=False)
  (/13): BoundFlatten(name=/13, inputs=[/0], perturbed=True)
  (/input): BoundLinear(name=/input, inputs=[/13, /7, /8], perturbed=True)
  (/15): BoundRelu(name=/15, inputs=[/input], perturbed=True)
  (/input-3): BoundLinear(name=/input-3, inputs=[/15, /9, /10], perturbed=True)
  (/17): BoundRelu(name=/17, inputs=[/input-3], perturbed=True)
  (/18): BoundLinear(name=/18, inputs=[/17, /11, /12], perturbed=True)
)
Original output in the first batch: tensor([[ 1.38018280e-04,  9.53227520e-01,  6.60730898e-03,  5.61475754e-05,
         -5.27618453e-03,  2.33977288e-03,  9.95360315e-05,  1.47465318e-02,
         -5.10565937e-04,  1.18921697e-03]], device='cuda:0')
Split layers:
Nonlinear functions:
   BoundRelu(name=/15, inputs=[/input], perturbed=True)
   BoundRelu(name=/17, inputs=[/input-3], perturbed=True)
build batch [1/1]
layer /15 using sparse-features alpha with shape [40]; unstable size 40; total size 256 ([1, 256])
layer /15 start_node /input-3 using sparse-spec alpha [2, 133, 1, 40] with unstable size 132 total_size 256 output_shape torch.Size([256])
layer /15 start_node /18 using full alpha [2, 9, 1, 40] with unstable size None total_size 9 output_shape 9
layer /17 using sparse-features alpha with shape [132]; unstable size 132; total size 256 ([1, 256])
layer /17 start_node /18 using full alpha [2, 9, 1, 132] with unstable size None total_size 9 output_shape 9
Optimizable variables initialized.
initial CROWN bounds (first 10 items): [-0.7863451838493347, -1.2131394147872925, -1.9301025867462158, -1.5223183631896973, -1.37836754322052, -0.9643559455871582, -1.436225175857544, -1.8575458526611328, -1.7164947986602783]
prune_after_crown optimization in use
  original spec size = torch.Size([1, 9])
  pruned spec size = torch.Size([1, 9])
Using alpha-CROWN to initialize bounds.
best_l after optimization: -8.066923141479492
alpha/beta optimization time: 0.9844090938568115
initial alpha-crown bounds (first 10 items): [-0.36240941286087036, -0.5624880790710449, -1.4686018228530884, -0.9840297698974609, -0.8731468915939331, -0.4846697449684143, -0.9336804747581482, -1.3024675846099854, -1.095429539680481]
Global lower bound: -1.4686018228530884
0 / 9 OR specs are verified.
Verified OR indices (first 10 items): []
Verified OR lbs (first 10 items): []
Unverified OR indices (first 10 items): [0, 1, 2, 3, 4, 5, 6, 7, 8]
Unverified OR lbs (first 10 items): [[-0.36240941286087036], [-0.5624880790710449], [-1.4686018228530884], [-0.9840297698974609], [-0.8731468915939331], [-0.4846697449684143], [-0.9336804747581482], [-1.3024675846099854], [-1.095429539680481]]
###### Verifying property Instance 0 ######
Batch size: 9
First 10 spec matrices
C: tensor([[[-1.,  1.,  0.,  0.,  0.,  0.,  0.,  0.,  0.,  0.]],

        [[ 0.,  1., -1.,  0.,  0.,  0.,  0.,  0.,  0.,  0.]],

        [[ 0.,  1.,  0., -1.,  0.,  0.,  0.,  0.,  0.,  0.]],

        [[ 0.,  1.,  0.,  0., -1.,  0.,  0.,  0.,  0.,  0.]],

        [[ 0.,  1.,  0.,  0.,  0., -1.,  0.,  0.,  0.,  0.]],

        [[ 0.,  1.,  0.,  0.,  0.,  0., -1.,  0.,  0.,  0.]],

        [[ 0.,  1.,  0.,  0.,  0.,  0.,  0., -1.,  0.,  0.]],

        [[ 0.,  1.,  0.,  0.,  0.,  0.,  0.,  0., -1.,  0.]],

        [[ 0.,  1.,  0.,  0.,  0.,  0.,  0.,  0.,  0., -1.]]], device='cuda:0')
RHS: tensor([[0.],
        [0.],
        [0.],
        [0.],
        [0.],
        [0.],
        [0.],
        [0.],
        [0.]], device='cuda:0')
OR spec sizes: tensor([1, 1, 1, 1, 1, 1, 1, 1, 1], device='cuda:0', dtype=torch.int32)
Remaining timeout: 298.0702209472656
Model prediction is: tensor([ 1.38018280e-04,  9.53227520e-01,  6.60730898e-03,  5.61475754e-05,
        -5.27618453e-03,  2.33977288e-03,  9.95360315e-05,  1.47465318e-02,
        -5.10565937e-04,  1.18921697e-03], device='cuda:0')
Activation BaB batch 1/1 
build_with_refined_bounds batch [1/1]
Optimizable variables initialized.
all alpha initialized
directly get lb and ub from refined bounds
c shape: torch.Size([9, 1, 10])
lA shapes: [torch.Size([9, 1, 256]), torch.Size([9, 1, 256])]
(alpha-)CROWN with fixed intermediate bounds: tensor([[-0.36240941],
        [-0.56248808],
        [-1.46860182],
        [-0.98402977],
        [-0.87314689],
        [-0.48466974],
        [-0.93368047],
        [-1.30246758],
        [-1.09542954]], device='cuda:0') tensor([[inf],
        [inf],
        [inf],
        [inf],
        [inf],
        [inf],
        [inf],
        [inf],
        [inf]], device='cuda:0')
Intermediate layers: /input,/input-3
Keeping alphas for these layers: ['/18']
Node /15 input 0: size torch.Size([256]) unstable 40
Node /17 input 0: size torch.Size([256]) unstable 104
-----------------
# of unstable neurons: 144
-----------------

BaB round 1
batch: 9
splitting decisions: 
split level 0: [/input-3, 63] [/input-3, 63] [/input-3, 63] [/input-3, 63] [/input-3, 63] [/input-3, 63] [/input-3, 63] [/input-3, 63] [/input-3, 63] 
split level 1: [/input-3, 43] [/input-3, 43] [/input-3, 153] [/input-3, 26] [/input-3, 236] [/input-3, 43] [/input-3, 124] [/input-3, 162] [/input-3, 80] 
split level 2: [/input-3, 55] [/input-3, 175] [/input-3, 236] [/input-3, 18] [/input-3, 197] [/input-3, 244] [/input-3, 13] [/input-3, 150] [/input-3, 26] 
split level 3: [/input-3, 116] [/input-3, 21] [/input-3, 200] [/input-3, 123] [/input-3, 55] [/input-3, 153] [/input-3, 43] [/input-3, 30] [/input-3, 159] 
split level 4: [/input-3, 153] [/input-3, 130] [/input-3, 143] [/input-3, 43] [/input-3, 217] [/input-3, 55] [/input-3, 133] [/input-3, 43] [/input-3, 43] 
best_l after optimization: -27.54569435119629
beta sum per layer: [0.0, 31.476356506347656]
alpha/beta optimization time: 0.14892888069152832
pruning_in_iteration open status: True
ratio of positive domain = 177 / 288 = 0.6145833333333333
pruning-in-iteration extra time: 0.004724025726318359
Time: get_branching_decision.update_bounds 0.0289    pickout 0.0010    branching_decision 0.0001    decision 0.0001    set_bounds 0.0127    prepare 0.0023    transfer 0.0000    finalize 0.0025    func 0.1818    
Accumulated time: get_branching_decision.update_bounds 0.0289    bab_iteration 0.0000    pickout 0.0010    decision 0.0001    branching_decision 0.0001    set_bounds 0.0127    solve 0.0000    func 0.1818    prepare 0.0023    transfer 0.0000    finalize 0.0025    
max lb 9.999999747378752e-05 min lb -1.0923892259597778
Number of Verified Splits: 177 of 288
Current worst splitting domains lb-rhs (depth):
-1.09239 (5), -0.89757 (5), -0.85467 (5), -0.55233 (5), -0.54514 (5), -0.51670 (5), -0.50258 (5), -0.50200 (5), -0.48350 (5), -0.47373 (5), -0.47063 (5), -0.46092 (5), -0.45468 (5), -0.43950 (5), -0.43508 (5), -0.42284 (5), -0.40807 (5), -0.38893 (5), -0.38889 (5), -0.38000 (5), 
Current (lb-rhs): -1.0923892259597778
288 domains visited
Length of domains: 111
Cumulative time: 0.3671293258666992

BaB round 2
batch: 111
splitting decisions: 
split level 0: [/input-3, 151] [/input, 34] [/input-3, 220] [/input, 34] [/input, 34] [/input-3, 216] [/input, 34] [/input, 34] [/input, 34] [/input-3, 102] 
best_l after optimization: -22.86852264404297
beta sum per layer: [5.584216117858887, 66.9057846069336]
alpha/beta optimization time: 0.09963297843933105
pruning_in_iteration open status: True
ratio of positive domain = 113 / 222 = 0.509009009009009
pruning-in-iteration extra time: 0.004609107971191406
Time: get_branching_decision.update_bounds 0.0289    pickout 0.0064    branching_decision 0.0001    decision 0.0002    set_bounds 0.0032    prepare 0.0040    transfer 0.0000    finalize 0.0035    func 0.1319    solve 0.1818    add 0.1015    bab_iteration 0.2974    
Accumulated time: get_branching_decision.update_bounds 0.0289    bab_iteration 0.2974    pickout 0.0075    decision 0.0003    branching_decision 0.0002    set_bounds 0.0160    solve 0.1818    func 0.3137    prepare 0.0063    transfer 0.0001    finalize 0.0060    add 0.1015    
max lb 0.0015096664428710938 min lb -1.0108827352523804
Number of Verified Splits: 113 of 222
Current worst splitting domains lb-rhs (depth):
-1.01088 (6), -0.82397 (6), -0.81252 (6), -0.63064 (6), -0.49288 (6), -0.45214 (6), -0.45062 (6), -0.41149 (6), -0.40493 (6), -0.38882 (6), -0.38780 (6), -0.38304 (6), -0.37375 (6), -0.36267 (6), -0.34810 (6), -0.34771 (6), -0.32638 (6), -0.31874 (6), -0.31458 (6), -0.31438 (6), 
Current (lb-rhs): -1.0108827352523804
510 domains visited
Length of domains: 109
Cumulative time: 0.5100440979003906

BaB round 3
batch: 109
splitting decisions: 
split level 0: [/input-3, 102] [/input, 184] [/input, 184] [/input, 184] [/input, 184] [/input, 184] [/input, 178] [/input, 137] [/input, 171] [/input, 184] 
best_l after optimization: -21.328094482421875
beta sum per layer: [12.621747970581055, 68.36946105957031]
alpha/beta optimization time: 0.09893250465393066
pruning_in_iteration open status: True
ratio of positive domain = 103 / 218 = 0.47247706422018354
pruning-in-iteration extra time: 0.004622697830200195
Time: get_branching_decision.update_bounds 0.0289    pickout 0.0070    branching_decision 0.0001    decision 0.0001    set_bounds 0.0049    prepare 0.0040    transfer 0.0000    finalize 0.0036    func 0.1317    solve 0.1320    add 0.0009    bab_iteration 0.1429    
Accumulated time: get_branching_decision.update_bounds 0.0289    bab_iteration 0.4403    pickout 0.0145    decision 0.0004    branching_decision 0.0004    set_bounds 0.0209    solve 0.3138    func 0.4454    prepare 0.0102    transfer 0.0001    finalize 0.0096    add 0.1024    
max lb 9.999999747378752e-05 min lb -0.9100069999694824
Number of Verified Splits: 103 of 218
Current worst splitting domains lb-rhs (depth):
-0.91001 (7), -0.82098 (7), -0.70324 (7), -0.66800 (7), -0.62155 (7), -0.46214 (7), -0.40496 (7), -0.39743 (7), -0.37732 (7), -0.37663 (7), -0.34322 (7), -0.33507 (7), -0.33366 (7), -0.33054 (7), -0.32947 (7), -0.32879 (7), -0.32680 (7), -0.30655 (7), -0.29969 (7), -0.29954 (7), 
Current (lb-rhs): -0.9100069999694824
728 domains visited
Length of domains: 115
Cumulative time: 0.6550235748291016

BaB round 4
batch: 115
splitting decisions: 
split level 0: [/input, 110] [/input, 100] [/input, 184] [/input, 110] [/input, 184] [/input, 34] [/input, 140] [/input, 184] [/input, 195] [/input, 100] 
best_l after optimization: -20.139083862304688
beta sum per layer: [17.875526428222656, 75.70812225341797]
alpha/beta optimization time: 0.09937119483947754
pruning_in_iteration open status: True
ratio of positive domain = 96 / 230 = 0.4173913043478261
pruning-in-iteration extra time: 0.0047473907470703125
Time: get_branching_decision.update_bounds 0.0289    pickout 0.0077    branching_decision 0.0001    decision 0.0001    set_bounds 0.0053    prepare 0.0043    transfer 0.0001    finalize 0.0042    func 0.1366    solve 0.1317    add 0.0010    bab_iteration 0.1450    
Accumulated time: get_branching_decision.update_bounds 0.0289    bab_iteration 0.5853    pickout 0.0222    decision 0.0006    branching_decision 0.0005    set_bounds 0.0262    solve 0.4455    func 0.5820    prepare 0.0145    transfer 0.0002    finalize 0.0137    add 0.1034    
max lb 0.0003559589385986328 min lb -0.7318071126937866
Number of Verified Splits: 96 of 230
Current worst splitting domains lb-rhs (depth):
-0.73181 (8), -0.72430 (8), -0.63826 (8), -0.62022 (8), -0.61620 (8), -0.57858 (8), -0.56502 (8), -0.55251 (8), -0.46376 (8), -0.34121 (8), -0.33615 (8), -0.31120 (8), -0.30937 (8), -0.29133 (8), -0.28307 (8), -0.27482 (8), -0.26975 (8), -0.26018 (8), -0.25853 (8), -0.25831 (8), 
Current (lb-rhs): -0.7318071126937866
958 domains visited
Length of domains: 134
Cumulative time: 0.8060166835784912

BaB round 5
batch: 134
splitting decisions: 
split level 0: [/input, 175] [/input-3, 43] [/input, 110] [/input, 195] [/input, 211] [/input, 110] [/input, 184] [/input, 211] [/input, 138] [/input, 184] 
best_l after optimization: -16.69764518737793
beta sum per layer: [22.53555679321289, 94.114990234375]
alpha/beta optimization time: 0.09923601150512695
pruning_in_iteration open status: True
ratio of positive domain = 131 / 268 = 0.48880597014925375
pruning-in-iteration extra time: 0.004643440246582031
Time: get_branching_decision.update_bounds 0.0289    pickout 0.0093    branching_decision 0.0001    decision 0.0001    set_bounds 0.0062    prepare 0.0049    transfer 0.0000    finalize 0.0042    func 0.1350    solve 0.1366    add 0.0010    bab_iteration 0.1510    
Accumulated time: get_branching_decision.update_bounds 0.0289    bab_iteration 0.7363    pickout 0.0315    decision 0.0007    branching_decision 0.0006    set_bounds 0.0324    solve 0.5822    func 0.7170    prepare 0.0194    transfer 0.0002    finalize 0.0180    add 0.1044    
max lb 0.0009810924530029297 min lb -0.6630483865737915
Number of Verified Splits: 131 of 268
Current worst splitting domains lb-rhs (depth):
-0.66305 (9), -0.65511 (9), -0.56819 (9), -0.55240 (9), -0.53498 (9), -0.53199 (9), -0.50627 (9), -0.48778 (9), -0.28300 (9), -0.28096 (9), -0.25511 (9), -0.24237 (9), -0.23444 (9), -0.23315 (9), -0.23254 (9), -0.23107 (9), -0.22355 (9), -0.22160 (9), -0.22056 (9), -0.22039 (9), 
Current (lb-rhs): -0.6630483865737915
1226 domains visited
Length of domains: 137
Cumulative time: 0.9578568935394287

BaB round 6
batch: 137
splitting decisions: 
split level 0: [/input, 175] [/input, 184] [/input, 175] [/input, 138] [/input, 184] [/input, 245] [/input, 130] [/input, 175] [/input, 245] [/input, 175] 
best_l after optimization: -14.129878044128418
beta sum per layer: [14.265438079833984, 82.41999816894531]
alpha/beta optimization time: 0.0989081859588623
pruning_in_iteration open status: True
ratio of positive domain = 146 / 274 = 0.5328467153284672
pruning-in-iteration extra time: 0.004623889923095703
Time: get_branching_decision.update_bounds 0.0289    pickout 0.0094    branching_decision 0.0001    decision 0.0001    set_bounds 0.0063    prepare 0.0050    transfer 0.0000    finalize 0.0040    func 0.1340    solve 0.1351    add 0.0010    bab_iteration 0.1518    
Accumulated time: get_branching_decision.update_bounds 0.0289    bab_iteration 0.8881    pickout 0.0410    decision 0.0009    branching_decision 0.0008    set_bounds 0.0387    solve 0.7172    func 0.8510    prepare 0.0244    transfer 0.0003    finalize 0.0220    add 0.1054    
max lb 0.0017747879028320312 min lb -0.5913546085357666
Number of Verified Splits: 146 of 274
Current worst splitting domains lb-rhs (depth):
-0.59135 (10), -0.58555 (10), -0.47783 (10), -0.45662 (10), -0.43348 (10), -0.42407 (10), -0.41926 (10), -0.41498 (10), -0.39031 (10), -0.37845 (10), -0.36456 (10), -0.32689 (10), -0.25307 (10), -0.23014 (10), -0.20880 (10), -0.20692 (10), -0.20658 (10), -0.20625 (10), -0.20070 (10), -0.19359 (10), 
Current (lb-rhs): -0.5913546085357666
1500 domains visited
Length of domains: 128
Cumulative time: 1.1088078022003174

BaB round 7
batch: 128
splitting decisions: 
split level 0: [/input-3, 126] [/input-3, 113] [/input, 184] [/input-3, 121] [/input, 175] [/input, 175] [/input, 130] [/input, 87] [/input, 195] [/input, 171] 
best_l after optimization: -11.6058988571167
beta sum per layer: [11.537256240844727, 71.88368225097656]
alpha/beta optimization time: 0.0992116928100586
pruning_in_iteration open status: True
ratio of positive domain = 151 / 256 = 0.58984375
pruning-in-iteration extra time: 0.004660367965698242
Time: get_branching_decision.update_bounds 0.0289    pickout 0.0090    branching_decision 0.0001    decision 0.0001    set_bounds 0.0059    prepare 0.0047    transfer 0.0000    finalize 0.0034    func 0.1320    solve 0.1340    add 0.0009    bab_iteration 0.1509    
Accumulated time: get_branching_decision.update_bounds 0.0289    bab_iteration 1.0391    pickout 0.0499    decision 0.0010    branching_decision 0.0009    set_bounds 0.0446    solve 0.8512    func 0.9830    prepare 0.0291    transfer 0.0003    finalize 0.0254    add 0.1063    
max lb 0.00024068355560302734 min lb -0.4481828212738037
Number of Verified Splits: 151 of 256
Current worst splitting domains lb-rhs (depth):
-0.44818 (11), -0.42581 (11), -0.39491 (11), -0.38736 (11), -0.38136 (11), -0.37637 (11), -0.37086 (11), -0.36749 (11), -0.33622 (11), -0.32417 (11), -0.31453 (11), -0.30452 (11), -0.29887 (11), -0.29050 (11), -0.26398 (11), -0.24181 (11), -0.22224 (11), -0.20527 (11), -0.18109 (11), -0.18016 (11), 
Current (lb-rhs): -0.4481828212738037
1756 domains visited
Length of domains: 105
Cumulative time: 1.2569870948791504

BaB round 8
batch: 105
splitting decisions: 
split level 0: [/input-3, 181] [/input-3, 181] [/input, 195] [/input-3, 181] [/input, 209] [/input, 130] [/input, 100] [/input, 171] [/input, 100] [/input-3, 162] 
best_l after optimization: -9.719018936157227
beta sum per layer: [5.832557678222656, 57.0059700012207]
alpha/beta optimization time: 0.09928250312805176
pruning_in_iteration open status: True
ratio of positive domain = 115 / 210 = 0.5476190476190477
pruning-in-iteration extra time: 0.004649639129638672
Time: get_branching_decision.update_bounds 0.0289    pickout 0.0075    branching_decision 0.0001    decision 0.0001    set_bounds 0.0050    prepare 0.0039    transfer 0.0000    finalize 0.0031    func 0.1331    solve 0.1321    add 0.0009    bab_iteration 0.1482    
Accumulated time: get_branching_decision.update_bounds 0.0289    bab_iteration 1.1872    pickout 0.0575    decision 0.0011    branching_decision 0.0010    set_bounds 0.0496    solve 0.9833    func 1.1162    prepare 0.0331    transfer 0.0004    finalize 0.0285    add 0.1073    
max lb 9.999999747378752e-05 min lb -0.3381683826446533
Number of Verified Splits: 115 of 210
Current worst splitting domains lb-rhs (depth):
-0.33817 (12), -0.33442 (12), -0.32333 (12), -0.31819 (12), -0.27365 (12), -0.26987 (12), -0.26209 (12), -0.26206 (12), -0.23550 (12), -0.23403 (12), -0.22047 (12), -0.20952 (12), -0.20553 (12), -0.20334 (12), -0.19108 (12), -0.17410 (12), -0.17152 (12), -0.17083 (12), -0.15878 (12), -0.15181 (12), 
Current (lb-rhs): -0.3381683826446533
1966 domains visited
Length of domains: 95
Cumulative time: 1.4038739204406738

BaB round 9
batch: 95
splitting decisions: 
split level 0: [/input, 133] [/input, 209] [/input, 133] [/input, 178] [/input-3, 3] [/input, 133] [/input-3, 217] [/input-3, 220] [/input-3, 220] [/input-3, 217] 
split level 1: [/input, 100] [/input, 133] [/input, 209] [/input, 209] [/input, 178] [/input, 209] [/input-3, 206] [/input, 100] [/input, 133] [/input-3, 206] 
best_l after optimization: -3.2248482704162598
beta sum per layer: [15.722122192382812, 87.90226745605469]
alpha/beta optimization time: 0.10217642784118652
pruning_in_iteration open status: True
ratio of positive domain = 299 / 380 = 0.7868421052631579
pruning-in-iteration extra time: 0.006956338882446289
Time: get_branching_decision.update_bounds 0.0289    pickout 0.0070    branching_decision 0.0001    decision 0.0002    set_bounds 0.0124    prepare 0.0068    transfer 0.0000    finalize 0.0028    func 0.1383    solve 0.1332    add 0.0009    bab_iteration 0.1469    
Accumulated time: get_branching_decision.update_bounds 0.0289    bab_iteration 1.3341    pickout 0.0645    decision 0.0013    branching_decision 0.0011    set_bounds 0.0620    solve 1.1165    func 1.2544    prepare 0.0398    transfer 0.0004    finalize 0.0312    add 0.1081    
max lb 0.00020360946655273438 min lb -0.1693122386932373
Number of Verified Splits: 299 of 380
Current worst splitting domains lb-rhs (depth):
-0.16931 (14), -0.14602 (14), -0.13242 (14), -0.10857 (14), -0.10581 (14), -0.10247 (14), -0.10107 (14), -0.08950 (14), -0.08559 (14), -0.08556 (14), -0.07628 (14), -0.07483 (14), -0.07376 (14), -0.07236 (14), -0.07066 (14), -0.06961 (14), -0.06910 (14), -0.06716 (14), -0.05886 (14), -0.05864 (14), 
Current (lb-rhs): -0.1693122386932373
2346 domains visited
Length of domains: 81
Cumulative time: 1.5627741813659668

BaB round 10
batch: 81
splitting decisions: 
split level 0: [/input-3, 220] [/input-3, 220] [/input, 93] [/input, 199] [/input-3, 0] [/input-3, 99] [/input-3, 126] [/input-3, 220] [/input-3, 220] [/input, 93] 
split level 1: [/input, 93] [/input, 93] [/input, 209] [/input, 209] [/input, 209] [/input-3, 214] [/input, 178] [/input, 93] [/input, 93] [/input-3, 0] 
best_l after optimization: -0.36641019582748413
beta sum per layer: [5.039118766784668, 94.97325897216797]
alpha/beta optimization time: 0.18987011909484863
pruning_in_iteration open status: True
ratio of positive domain = 303 / 324 = 0.9351851851851852
pruning-in-iteration extra time: 0.004661083221435547
Time: get_branching_decision.update_bounds 0.0289    pickout 0.0064    branching_decision 0.0001    decision 0.0002    set_bounds 0.0114    prepare 0.0059    transfer 0.0000    finalize 0.0011    func 0.2182    solve 0.1383    add 0.0008    bab_iteration 0.1589    
Accumulated time: get_branching_decision.update_bounds 0.0289    bab_iteration 1.4930    pickout 0.0708    decision 0.0014    branching_decision 0.0013    set_bounds 0.0734    solve 1.2548    func 1.4727    prepare 0.0457    transfer 0.0004    finalize 0.0323    add 0.1090    
max lb 0.00021791458129882812 min lb -0.05182814598083496
Number of Verified Splits: 303 of 324
Current worst splitting domains lb-rhs (depth):
-0.05183 (16), -0.04575 (16), -0.04427 (16), -0.03557 (16), -0.03288 (16), -0.03197 (16), -0.03045 (16), -0.02075 (16), -0.01507 (16), -0.01404 (16), -0.01372 (16), -0.01338 (16), -0.01102 (16), -0.00825 (16), -0.00823 (16), -0.00489 (16), -0.00455 (16), -0.00357 (16), -0.00245 (16), -0.00235 (16), 
Current (lb-rhs): -0.05182814598083496
2670 domains visited
Length of domains: 21
Cumulative time: 1.799694299697876

BaB round 11
batch: 21
splitting decisions: 
split level 0: [/input, 227] [/input, 227] [/input, 34] [/input, 178] [/input, 178] [/input, 93] [/input, 184] [/input, 93] [/input, 34] [/input, 209] 
split level 1: [/input, 154] [/input, 154] [/input, 154] [/input, 199] [/input, 242] [/input, 171] [/input, 171] [/input, 171] [/input, 154] [/input-3, 165] 
split level 2: [/input-3, 43] [/input-3, 217] [/input-3, 43] [/input, 154] [/input, 209] [/input, 154] [/input, 154] [/input, 154] [/input-3, 217] [/input, 154] 
split level 3: [/input-3, 217] [/input-3, 43] [/input-3, 217] [/input-3, 13] [/input-3, 165] [/input, 199] [/input, 199] [/input, 199] [/input-3, 43] [/input, 198] 
best_l after optimization: 0.02779310941696167
beta sum per layer: [1.2223297357559204, 86.64936065673828]
alpha/beta optimization time: 0.09763765335083008
pruning_in_iteration open status: True
ratio of positive domain = 334 / 336 = 0.9940476190476191
pruning-in-iteration extra time: 0.004588127136230469
Time: get_branching_decision.update_bounds 0.0289    pickout 0.0027    branching_decision 0.0001    decision 0.0001    set_bounds 0.0169    prepare 0.0061    transfer 0.0000    finalize 0.0005    func 0.1286    solve 0.2183    add 0.0006    bab_iteration 0.2369    
Accumulated time: get_branching_decision.update_bounds 0.0289    bab_iteration 1.7299    pickout 0.0735    decision 0.0015    branching_decision 0.0013    set_bounds 0.0903    solve 1.4731    func 1.6013    prepare 0.0517    transfer 0.0005    finalize 0.0328    add 0.1096    
max lb 9.999999747378752e-05 min lb -0.0040361881256103516
Number of Verified Splits: 334 of 336
Current worst splitting domains lb-rhs (depth):
-0.00404 (20), -0.00157 (20), 
Current (lb-rhs): -0.0040361881256103516
3006 domains visited
Length of domains: 2
Cumulative time: 1.9485743045806885

BaB round 12
batch: 2
splitting decisions: 
split level 0: [/input-3, 137] [/input-3, 137] 
split level 1: [/input-3, 130] [/input-3, 153] 
split level 2: [/input-3, 153] [/input-3, 130] 
split level 3: [/input-3, 169] [/input-3, 169] 
split level 4: [/input-3, 183] [/input-3, 183] 
split level 5: [/input-3, 184] [/input-3, 184] 
split level 6: [/input-3, 28] [/input-3, 28] 

all verified at 0th iter
best_l after optimization: 19.658348083496094
beta sum per layer: [0.0, 17.695026397705078]
alpha/beta optimization time: 0.0027747154235839844
pruning_in_iteration open status: False
ratio of positive domain = 256 / 256 = 1.0
pruning-in-iteration extra time: 4.9114227294921875e-05
Time: get_branching_decision.update_bounds 0.0289    pickout 0.0015    branching_decision 0.0001    decision 0.0001    set_bounds 0.0165    prepare 0.0045    transfer 0.0000    finalize 0.0002    func 0.0101    solve 0.1286    add 0.0005    bab_iteration 0.1489    
Accumulated time: get_branching_decision.update_bounds 0.0289    bab_iteration 1.8788    pickout 0.0750    decision 0.0017    branching_decision 0.0014    set_bounds 0.1068    solve 1.6017    func 1.6113    prepare 0.0562    transfer 0.0005    finalize 0.0330    add 0.1100    
max lb 0.08942306041717529 min lb 0.06414175033569336
Number of Verified Splits: 256 of 256
Current (lb-rhs): 1.0000000116860974e-07
3262 domains visited
Length of domains: 0
Cumulative time: 1.9768397808074951

Result: unsat
Time: 3.9082894325256348
