Running mode is: optimize
Number of canonicalized 2
Run one
DEBUG multi-pattern canonical[0] = (conv2d 1 1 0 0 ?i_0 ?i_1)  ->  3 eclasses matched, 3 total substs
DEBUG multi-pattern canonical[1] = (conv2d 1 1 0 2 ?i_0 ?i_1)  ->  0 eclasses matched, 0 total substs
DEBUG multi-pattern rule[0] src1=(conv2d 1 1 0 0 ?input_1 ?input_2) src2=(conv2d 1 1 0 0 ?input_1 ?input_3) dst1=(split_0 (split 1 (conv2d 1 1 0 0 ?input_1 (concat 0 4 (enlarge ?input_2 ?input_3) ?input_3)))) dst2=(split_1 (split 1 (conv2d 1 1 0 0 ?input_1 (concat 0 4 (enlarge ?input_2 ?input_3) ?input_3))))  (pairs,compatible,valid,cycle_ok) this_rule=(6, 0, 0, 0) running_total=(6, 0, 0, 0)
DEBUG multi-pattern totals (pairs,compatible,valid,cycle_ok) = (6, 0, 0, 0)
DEBUG rewrite-witness total=0 per-rule(rule_index:count)={}
Done one
Number of nodes added: 0
Runner complete!
  Nodes: 183
  Classes: 112
  Stopped: Saturated
  Time taken: 21.289282ms
  Number of iterations: 7
  Average nodes per class: 1.6339285
  Number of edges: 323
  Number of programs: 16.04029
Extractor complete!
  Time taken: 837.65µs
  Best cost: 0.48415202
Skipping full graph runtime evaluation (--no_runtime_report)
