$ /mmfs1/gscratch/scrubbed/sgvtc/E-graphs for Verifiability/alpha-beta-CROWN/.venv/bin/python abcrown.py --config exp_configs/beta_crown/abcrown_config_mnist_cnn_a_unfused.yaml --onnx_path /mmfs1/gscratch/scrubbed/sgvtc/E-graphs for Verifiability/NNs/mnist_cnn_a_regen_simplified.onnx --epsilon 0.1 --start 0 --end 10
(cwd=/mmfs1/gscratch/scrubbed/sgvtc/E-graphs for Verifiability/alpha-beta-CROWN/complete_verifier)

=== STDOUT ===
INFO     16:09:46     [tensor_storage.py:70] Hugepage enabled for branch-and-bound domains.
Configurations:

general:
  device: cuda
  seed: 100
  conv_mode: patches
  deterministic: false
  double_fp: false
  loss_reduction_func: sum
  sparse_alpha: true
  sparse_interm: true
  save_adv_example: false
  verify_onnxruntime_output: false
  eval_adv_example: false
  onnx_adv_example: false
  show_adv_example: false
  precompile_jit: false
  reset_seed_after_precompile: false
  prepare_only: false
  complete_verifier: bab
  enable_incomplete_verification: true
  csv_name: null
  results_file: out.txt
  root_path: ''
  deterministic_opt: false
  graph_optimizer: 'Customized("custom_graph_optimizer", "default_optimizer")'
  buffer_has_batchdim: false
  save_output: false
  output_file: out.pkl
  return_optimized_model: false
  store_all_specs_on_cpu: false
  adhoc_tuning: null
model:
  name: null
  path: null
  onnx_path: /mmfs1/gscratch/scrubbed/sgvtc/E-graphs for Verifiability/NNs/mnist_cnn_a_regen_simplified.onnx
  onnx_path_prefix: ''
  cache_onnx_conversion: false
  debug_onnx: false
  onnx_quirks: null
  input_shape: null
  onnx_loader: default_onnx_and_vnnlib_loader
  onnx_optimization_flags: []
  onnx_vnnlib_joint_optimization_flags: none
  check_optimized: false
  flatten_final_output: false
  optimize_graph: null
  with_jacobian: false
  bound_opts: null
data:
  start: 0
  end: 10
  select_instance: null
  num_outputs: 10
  mean: [0.0]
  std: [1.0]
  pkl_path: null
  dataset: MNIST
  data_filter_path: null
  data_idx_file: null
specification:
  type: lp
  robustness_type: verified-acc
  norm: .inf
  epsilon: 0.1
  epsilon_min: 0.0
  vnnlib_path: null
  vnnlib_path_prefix: ''
  shrink_eps: null
  rhs_offset: null
solver:
  batch_size: 2048
  auto_enlarge_batch_size: true
  batched_crown_auto_enlarge_max_vram_ratio: 0.9
  min_batch_size_ratio: 0.1
  use_float64_in_last_iteration: false
  early_stop_patience: 10
  start_save_best: 0.5
  bound_prop_method: alpha-crown
  init_bound_prop_method: same
  prune_after_crown: true
  optimize_disjuncts_separately: false
  build_batch_size: 1000000
  skip_with_refined_bound: true
  forward_before_compute_bounds: false
  crown:
    batch_size: 1000000000
    max_crown_size: 1000000000
    activation_bound_option: adaptive
    compare_crown_with_ibp: false
  alpha-crown:
    alpha: true
    lr_alpha: 0.1
    iteration: 100
    share_alphas: false
    lr_decay: 0.98
    full_conv_alpha: true
    max_coeff_mul: .inf
    matmul_share_alphas: false
    disable_optimization: []
    max_time: 1.0
    alpha_dtype: float16
    input_split_alpha_iteration: 5
    input_split_lr_alpha: 0.05
  invprop:
    apply_output_constraints_to: []
    tighten_input_bounds: false
    best_of_oc_and_no_oc: false
    directly_optimize: []
    oc_lr: 0.1
    share_gammas: false
  beta-crown:
    lr_alpha: 0.01
    lr_beta: 0.05
    lr_decay: 0.98
    optimizer: adam
    iteration: 20
    beta: true
    beta_warmup: true
    enable_opt_interm_bounds: false
    all_node_split_LP: false
  forward:
    refine: false
    max_dim: 10000
    reset_threshold: 1.0
  mip:
    unstable_neuron_threshold: 0
    parallel_solvers: null
    solver_threads: 1
    refine_neuron_timeout: 15
    refine_neuron_time_percentage: 0.8
    early_stop: true
    adv_warmup: true
    mip_solver: gurobi
    skip_unsafe: false
    topk_filter: 1.0
    sliding_window: -1
    extra_constraint: false
    refine_neuron_timeout_increasement: 0
    timeout_neuron_percentage: 0.3
    remaining_timeout_threshold: 1
    remove_unstable_neurons: false
    formulation: mip
    output_cut: false
bab:
  max_domains: .inf
  decision_thresh: 0
  timeout: 60
  timeout_scale: 1
  max_iterations: -1
  override_timeout: null
  get_upper_bound: false
  pruning_in_iteration: true
  pruning_in_iteration_ratio: 0.2
  sort_targets: false
  batched_domain_list: true
  optimized_interm: ''
  interm_transfer: true
  recompute_interm: false
  sort_domain_interval: -1
  tree_traversal: depth_first
  hugetensor_allocator: true
  cut:
    enabled: false
    cuts_path: null
    bab_cut: false
    lp_cut: false
    lr: 0.01
    lr_decay: 1.0
    iteration: 100
    bab_iteration: -1
    early_stop_patience: -1
    lr_beta: 0.02
    number_cuts: 50
    topk_cuts_in_filter: 1000
    batch_size_primal: 100
    max_num: 1000000000
    patches_cut: false
    cplex_cuts: false
    cplex_cuts_wait: 0
    cplex_cuts_revpickup: true
    cut_reference_bounds: true
    fix_intermediate_bounds: false
    manual_cuts: null
    record_cplex_cut_to: null
    read_cplex_cut_from: null
    biccos:
      enabled: false
      auto_param: true
      constraint_strengthening: true
      drop_ratio: 0.5
      max_infer_iter: 20
      max_domain: 10000.0
      heuristic: neuron_influence_score
      save_cuts: false
      multi_tree_branching:
        enabled: false
        restore_best_tree: true
        keep_n_best_domains: 50
        target_batch_size: 200
        iterations: 3
  clip_n_verify:
    rearrange_constraints: false
    alpha_crown: false
    prune: false
    final_layer: false
    clip_input_domain:
      enabled: false
      clip_type: relaxed
      clip_neuron_selection_type: ratio
      clip_neuron_selection_value: -1.0
      clip_iterations: 1
      clip_calculate_volume_metrics: false
    clip_interm_domain:
      enabled: false
      with_input: false
      clip_in_alpha_crown: false
      topk_objective: 20
  branching:
    method: random
    candidates: 3
    reduceop: min
    enable_intermediate_bound_opt: false
    branching_input_and_activation: false
    branching_input_and_activation_order: [input, relu]
    branching_input_iterations: 30
    branching_relu_iterations: 50
    save_visited_domains_to: ''
    nonlinear_split:
      method: bbps
      disable: false
      branching_point_method: uniform
      num_branches: 2
      filter: false
      filter_beta: false
      filter_clamp: false
      filter_batch_size: 10000
      filter_iterations: 25
      relu_only: false
      loose_tanh_threshold: null
      branching_point:
        db_path: branching_points.pt
        num_iterations: 1000
        batch_size: 1000000
        range_l: -5.0
        range_u: 5.0
        log_interval: 100
        step_size_1d: 0.01
        step_size: 0.2
    input_split:
      split_hint: null
      enable: false
      reorder_bab: false
      input_dim_threshold: 20
      adv_check: 0
      split_partitions: 2
      sb_margin_weight: 1.0
      sb_sum: false
      sb_primary_spec: null
      bf_backup_thresh: -1
      bf_rhs_offset: 0
      bf_iters: 1000000000.0
      bf_batch_size: 100000
      bf_zero_crossing_score: false
      touch_zero_score: 0
      ibp_enhancement: true
      compare_with_old_bounds: true
      update_rhs_with_attack: false
      sb_coeff_thresh: 0.001
      sort_index: null
      sort_descending: true
      show_progress: false
      presplit_domains: null
      skip_getting_worst_domain: false
  branching_decision_precompute:
    enable: true
  attack:
    enabled: false
    beam_candidates: 8
    beam_depth: 7
    max_dive_fix_ratio: 0.8
    min_local_free_ratio: 0.2
    mip_start_iteration: 5
    mip_timeout: 30.0
    adv_pool_threshold: null
    refined_mip_attacker: false
    refined_batch_size: null
attack:
  general_attack: true
  pgd_order: skip
  pgd_steps: 100
  pgd_restarts: 50
  pgd_batch_size: 100000000
  pgd_early_stop: true
  pgd_lr_decay: 0.99
  pgd_alpha: auto
  pgd_alpha_scale: false
  pgd_loss_mode: null
  pgd_restart_when_stuck: false
  enable_mip_attack: false
  adv_saver: default_adv_saver
  adv_verifier: default_adv_verifier
  early_stop_condition: default_early_stop_condition
  adv_example_finalizer: default_adv_example_finalizer
  pgd_loss: default_pgd_loss
  cex_path: ./test_cex.txt
  attack_mode: PGD
  attack_tolerance: 0.0
  attack_func: attack_with_general_specs
  gama_lambda: 10.0
  gama_decay: 0.9
  input_split:
    pgd_steps: 100
    pgd_restarts: 30
    pgd_alpha: auto
  input_split_check_adv:
    enabled: auto
    pgd_steps: 5
    pgd_restarts: 5
    pgd_alpha: auto
    max_num_domains: 10
debug:
  view_model: false
  lp_test: null
  rescale_vnnlib_ptb: null
  test_optimized_bounds: false
  test_optimized_bounds_after_n_iterations: 0
  print_verbose_decisions: false
  biccos_mip_sanity_check: false
  sanity_check: 0
  z_split_enabled: false
  save_minimal_config: null
  save_minimal_config_omit_keys: []
solving:
  solving_mode: false
  obj_index: 0

Experiments at Mon Aug 24 16:09:46 2026 on g3104
Loading onnx /mmfs1/gscratch/scrubbed/sgvtc/E-graphs for Verifiability/NNs/mnist_cnn_a_regen_simplified.onnx with quirks {}
Finished onnx model loading in 2.5884 seconds
ConvertModel(
  (Conv_Conv109_fwd0): Conv2d(1, 16, kernel_size=(4, 4), stride=(2, 2), padding=(1, 1))
  (Relu_Relu115_fwd0): ReLU()
  (Conv_Conv116_fwd0): Conv2d(16, 32, kernel_size=(4, 4), stride=(2, 2), padding=(1, 1))
  (Relu_Relu118_fwd0): ReLU()
  (Reshape_Reshape119_fwd0): Reshape(shape=[  -1 1568])
  (Gemm_Add121_fwd0): Linear(in_features=100, out_features=1568, bias=True)
  (Relu_Relu122_fwd0): ReLU()
  (Gemm_Add124_fwd0): Linear(in_features=10, out_features=100, bias=True)
)
Parameters:
  Conv_Conv109_fwd0.weight: shape torch.Size([16, 1, 4, 4])
  Conv_Conv109_fwd0.bias: shape torch.Size([16])
  Conv_Conv116_fwd0.weight: shape torch.Size([32, 16, 4, 4])
  Conv_Conv116_fwd0.bias: shape torch.Size([32])
  Gemm_Add121_fwd0.weight: shape torch.Size([100, 1568])
  Gemm_Add121_fwd0.bias: shape torch.Size([100])
  Gemm_Add124_fwd0.weight: shape torch.Size([10, 100])
  Gemm_Add124_fwd0.bias: shape torch.Size([10])
Trying generic MNIST/CIFAR data loader.
Internal results will be saved to out.txt.

 %%%%%%%%%%%%%%%%%%%%%%%%%%%%%%%%%%% idx: 0, vnnlib ID: 0 %%%%%%%%%%%%%%%%%%%%%%%%%%%%%%%%%%%
Finished vnnlib processing in 1.358351 seconds
Model: BoundedModule(
  (/input-1): BoundInput(name=/input-1, inputs=[], perturbed=True)
  (/shape): BoundBuffers(name=/shape, inputs=[], perturbed=False)
  (/10): BoundParams(name=/10, inputs=[], perturbed=False)
  (/11): BoundParams(name=/11, inputs=[], perturbed=False)
  (/12): BoundParams(name=/12, inputs=[], perturbed=False)
  (/13): BoundParams(name=/13, inputs=[], perturbed=False)
  (/14): BoundParams(name=/14, inputs=[], perturbed=False)
  (/15): BoundParams(name=/15, inputs=[], perturbed=False)
  (/16): BoundParams(name=/16, inputs=[], perturbed=False)
  (/17): BoundParams(name=/17, inputs=[], perturbed=False)
  (/input): BoundConv(name=/input, inputs=[/input-1, /10, /11], perturbed=True)
  (/input-4): BoundRelu(name=/input-4, inputs=[/input], perturbed=True)
  (/input-8): BoundConv(name=/input-8, inputs=[/input-4, /12, /13], perturbed=True)
  (/21): BoundRelu(name=/21, inputs=[/input-8], perturbed=True)
  (/22): BoundSplit(name=/22, inputs=[/shape], perturbed=False)
  (/23): BoundSplit(name=/23, inputs=[/shape], perturbed=False)
  (/24): BoundConstant(name=/24, value=tensor([0], device='cuda:0'))
  (/25): BoundSqueeze(name=/25, inputs=[/22, /24], perturbed=False)
  (/26): BoundConstant(name=/26, value=tensor([0], device='cuda:0'))
  (/27): BoundSqueeze(name=/27, inputs=[/23, /26], perturbed=False)
  (/28): BoundConstant(name=/28, value=tensor([0], device='cuda:0'))
  (/29): BoundUnsqueeze(name=/29, inputs=[/25, /28], perturbed=False)
  (/30): BoundConstant(name=/30, value=tensor([0], device='cuda:0'))
  (/31): BoundUnsqueeze(name=/31, inputs=[/27, /30], perturbed=False)
  (/32): BoundConcat(name=/32, inputs=[/29, /31], perturbed=False)
  (/33): BoundReshape(name=/33, inputs=[/21, /32], perturbed=True)
  (/input-12): BoundLinear(name=/input-12, inputs=[/33, /14, /15], perturbed=True)
  (/35): BoundRelu(name=/35, inputs=[/input-12], perturbed=True)
  (/36): BoundLinear(name=/36, inputs=[/35, /16, /17], perturbed=True)
)
Original output in the first batch: tensor([[ -3.49422193,  -4.97295284,  -0.67939007,   0.10845345,  -3.00041032,
          -4.53721952, -11.50110340,   8.00908852,  -3.11668682,   0.48266733]],
       device='cuda:0')
Split layers:
Nonlinear functions:
   BoundRelu(name=/input-4, inputs=[/input], perturbed=True)
   BoundRelu(name=/21, inputs=[/input-8], perturbed=True)
   BoundRelu(name=/35, inputs=[/input-12], perturbed=True)
build batch [1/1]
layer /input-4 using sparse-features alpha with shape [74]; unstable size 74; total size 3136 ([1, 16, 14, 14])
layer /input-4 start_node /input-8 using sparse-spec alpha [2, 43, 1, 74] with unstable size 42 total_size 1568 output_shape (32, 7, 7)
layer /input-4 start_node /input-12 using sparse-spec alpha [2, 6, 1, 74] with unstable size 5 total_size 100 output_shape torch.Size([100])
layer /input-4 start_node /36 using full alpha [2, 9, 1, 74] with unstable size None total_size 9 output_shape 9
layer /21 using sparse-features alpha with shape [42]; unstable size 42; total size 1568 ([1, 32, 7, 7])
layer /21 start_node /input-12 using sparse-spec alpha [2, 6, 1, 42] with unstable size 5 total_size 100 output_shape torch.Size([100])
layer /21 start_node /36 using full alpha [2, 9, 1, 42] with unstable size None total_size 9 output_shape 9
layer /35 using sparse-features alpha with shape [5]; unstable size 5; total size 100 ([1, 100])
layer /35 start_node /36 using full alpha [2, 9, 1, 5] with unstable size None total_size 9 output_shape 9
Optimizable variables initialized.
initial CROWN bounds (first 10 items): [10.291610717773438, 11.545206069946289, 7.729650497436523, 7.027965545654297, 9.964986801147461, 11.260652542114258, 17.466928482055664, 9.991157531738281, 6.704909324645996]
Verified with initial CROWN!
verified with init bound!
Result: safe-incomplete in 9.2782 seconds

 %%%%%%%%%%%%%%%%%%%%%%%%%%%%%%%%%%% idx: 1, vnnlib ID: 1 %%%%%%%%%%%%%%%%%%%%%%%%%%%%%%%%%%%
Finished vnnlib processing in 0.001375 seconds
Model: BoundedModule(
  (/input-1): BoundInput(name=/input-1, inputs=[], perturbed=True)
  (/shape): BoundBuffers(name=/shape, inputs=[], perturbed=False)
  (/10): BoundParams(name=/10, inputs=[], perturbed=False)
  (/11): BoundParams(name=/11, inputs=[], perturbed=False)
  (/12): BoundParams(name=/12, inputs=[], perturbed=False)
  (/13): BoundParams(name=/13, inputs=[], perturbed=False)
  (/14): BoundParams(name=/14, inputs=[], perturbed=False)
  (/15): BoundParams(name=/15, inputs=[], perturbed=False)
  (/16): BoundParams(name=/16, inputs=[], perturbed=False)
  (/17): BoundParams(name=/17, inputs=[], perturbed=False)
  (/input): BoundConv(name=/input, inputs=[/input-1, /10, /11], perturbed=True)
  (/input-4): BoundRelu(name=/input-4, inputs=[/input], perturbed=True)
  (/input-8): BoundConv(name=/input-8, inputs=[/input-4, /12, /13], perturbed=True)
  (/21): BoundRelu(name=/21, inputs=[/input-8], perturbed=True)
  (/22): BoundSplit(name=/22, inputs=[/shape], perturbed=False)
  (/23): BoundSplit(name=/23, inputs=[/shape], perturbed=False)
  (/24): BoundConstant(name=/24, value=tensor([0], device='cuda:0'))
  (/25): BoundSqueeze(name=/25, inputs=[/22, /24], perturbed=False)
  (/26): BoundConstant(name=/26, value=tensor([0], device='cuda:0'))
  (/27): BoundSqueeze(name=/27, inputs=[/23, /26], perturbed=False)
  (/28): BoundConstant(name=/28, value=tensor([0], device='cuda:0'))
  (/29): BoundUnsqueeze(name=/29, inputs=[/25, /28], perturbed=False)
  (/30): BoundConstant(name=/30, value=tensor([0], device='cuda:0'))
  (/31): BoundUnsqueeze(name=/31, inputs=[/27, /30], perturbed=False)
  (/32): BoundConcat(name=/32, inputs=[/29, /31], perturbed=False)
  (/33): BoundReshape(name=/33, inputs=[/21, /32], perturbed=True)
  (/input-12): BoundLinear(name=/input-12, inputs=[/33, /14, /15], perturbed=True)
  (/35): BoundRelu(name=/35, inputs=[/input-12], perturbed=True)
  (/36): BoundLinear(name=/36, inputs=[/35, /16, /17], perturbed=True)
)
Original output in the first batch: tensor([[-3.00609708, -1.36568975,  5.52477598, -0.40039456, -9.40605068,
         -3.23320293,  1.14462507, -9.78158474, -1.39056778, -9.01703453]],
       device='cuda:0')
Split layers:
Nonlinear functions:
   BoundRelu(name=/input-4, inputs=[/input], perturbed=True)
   BoundRelu(name=/21, inputs=[/input-8], perturbed=True)
   BoundRelu(name=/35, inputs=[/input-12], perturbed=True)
build batch [1/1]
layer /input-4 using sparse-features alpha with shape [76]; unstable size 76; total size 3136 ([1, 16, 14, 14])
layer /input-4 start_node /input-8 using sparse-spec alpha [2, 51, 1, 76] with unstable size 50 total_size 1568 output_shape (32, 7, 7)
layer /input-4 start_node /input-12 using sparse-spec alpha [2, 3, 1, 76] with unstable size 2 total_size 100 output_shape torch.Size([100])
layer /input-4 start_node /36 using full alpha [2, 9, 1, 76] with unstable size None total_size 9 output_shape 9
layer /21 using sparse-features alpha with shape [50]; unstable size 50; total size 1568 ([1, 32, 7, 7])
layer /21 start_node /input-12 using sparse-spec alpha [2, 3, 1, 50] with unstable size 2 total_size 100 output_shape torch.Size([100])
layer /21 start_node /36 using full alpha [2, 9, 1, 50] with unstable size None total_size 9 output_shape 9
layer /35 using sparse-features alpha with shape [2]; unstable size 2; total size 100 ([1, 100])
layer /35 start_node /36 using full alpha [2, 9, 1, 2] with unstable size None total_size 9 output_shape 9
Optimizable variables initialized.
initial CROWN bounds (first 10 items): [7.007925033569336, 5.892696380615234, 4.987534046173096, 13.03283405303955, 7.5039496421813965, 3.1238322257995605, 13.779232025146484, 6.096467018127441, 13.008527755737305]
Verified with initial CROWN!
verified with init bound!
Result: safe-incomplete in 0.1130 seconds

 %%%%%%%%%%%%%%%%%%%%%%%%%%%%%%%%%%% idx: 2, vnnlib ID: 2 %%%%%%%%%%%%%%%%%%%%%%%%%%%%%%%%%%%
Finished vnnlib processing in 0.001253 seconds
Model: BoundedModule(
  (/input-1): BoundInput(name=/input-1, inputs=[], perturbed=True)
  (/shape): BoundBuffers(name=/shape, inputs=[], perturbed=False)
  (/10): BoundParams(name=/10, inputs=[], perturbed=False)
  (/11): BoundParams(name=/11, inputs=[], perturbed=False)
  (/12): BoundParams(name=/12, inputs=[], perturbed=False)
  (/13): BoundParams(name=/13, inputs=[], perturbed=False)
  (/14): BoundParams(name=/14, inputs=[], perturbed=False)
  (/15): BoundParams(name=/15, inputs=[], perturbed=False)
  (/16): BoundParams(name=/16, inputs=[], perturbed=False)
  (/17): BoundParams(name=/17, inputs=[], perturbed=False)
  (/input): BoundConv(name=/input, inputs=[/input-1, /10, /11], perturbed=True)
  (/input-4): BoundRelu(name=/input-4, inputs=[/input], perturbed=True)
  (/input-8): BoundConv(name=/input-8, inputs=[/input-4, /12, /13], perturbed=True)
  (/21): BoundRelu(name=/21, inputs=[/input-8], perturbed=True)
  (/22): BoundSplit(name=/22, inputs=[/shape], perturbed=False)
  (/23): BoundSplit(name=/23, inputs=[/shape], perturbed=False)
  (/24): BoundConstant(name=/24, value=tensor([0], device='cuda:0'))
  (/25): BoundSqueeze(name=/25, inputs=[/22, /24], perturbed=False)
  (/26): BoundConstant(name=/26, value=tensor([0], device='cuda:0'))
  (/27): BoundSqueeze(name=/27, inputs=[/23, /26], perturbed=False)
  (/28): BoundConstant(name=/28, value=tensor([0], device='cuda:0'))
  (/29): BoundUnsqueeze(name=/29, inputs=[/25, /28], perturbed=False)
  (/30): BoundConstant(name=/30, value=tensor([0], device='cuda:0'))
  (/31): BoundUnsqueeze(name=/31, inputs=[/27, /30], perturbed=False)
  (/32): BoundConcat(name=/32, inputs=[/29, /31], perturbed=False)
  (/33): BoundReshape(name=/33, inputs=[/21, /32], perturbed=True)
  (/input-12): BoundLinear(name=/input-12, inputs=[/33, /14, /15], perturbed=True)
  (/35): BoundRelu(name=/35, inputs=[/input-12], perturbed=True)
  (/36): BoundLinear(name=/36, inputs=[/35, /16, /17], perturbed=True)
)
Original output in the first batch: tensor([[-6.02710342,  4.60527754, -1.57640958, -3.28125191, -2.72943997,
         -3.50139260, -2.66679430, -1.01028144, -2.34534121, -4.93358850]],
       device='cuda:0')
Split layers:
Nonlinear functions:
   BoundRelu(name=/input-4, inputs=[/input], perturbed=True)
   BoundRelu(name=/21, inputs=[/input-8], perturbed=True)
   BoundRelu(name=/35, inputs=[/input-12], perturbed=True)
build batch [1/1]
layer /input-4 using sparse-features alpha with shape [54]; unstable size 54; total size 3136 ([1, 16, 14, 14])
layer /input-4 start_node /input-8 using sparse-spec alpha [2, 40, 1, 54] with unstable size 39 total_size 1568 output_shape (32, 7, 7)
layer /input-4 start_node /input-12 using sparse-spec alpha [2, 3, 1, 54] with unstable size 2 total_size 100 output_shape torch.Size([100])
layer /input-4 start_node /36 using full alpha [2, 9, 1, 54] with unstable size None total_size 9 output_shape 9
layer /21 using sparse-features alpha with shape [39]; unstable size 39; total size 1568 ([1, 32, 7, 7])
layer /21 start_node /input-12 using sparse-spec alpha [2, 3, 1, 39] with unstable size 2 total_size 100 output_shape torch.Size([100])
layer /21 start_node /36 using full alpha [2, 9, 1, 39] with unstable size None total_size 9 output_shape 9
layer /35 using sparse-features alpha with shape [2]; unstable size 2; total size 100 ([1, 100])
layer /35 start_node /36 using full alpha [2, 9, 1, 2] with unstable size None total_size 9 output_shape 9
Optimizable variables initialized.
initial CROWN bounds (first 10 items): [9.763702392578125, 5.448495864868164, 6.722208023071289, 6.562712669372559, 6.849984169006348, 6.337840557098389, 4.774168968200684, 6.282093048095703, 8.596049308776855]
Verified with initial CROWN!
verified with init bound!
Result: safe-incomplete in 0.1107 seconds

 %%%%%%%%%%%%%%%%%%%%%%%%%%%%%%%%%%% idx: 3, vnnlib ID: 3 %%%%%%%%%%%%%%%%%%%%%%%%%%%%%%%%%%%
Finished vnnlib processing in 0.001256 seconds
Model: BoundedModule(
  (/input-1): BoundInput(name=/input-1, inputs=[], perturbed=True)
  (/shape): BoundBuffers(name=/shape, inputs=[], perturbed=False)
  (/10): BoundParams(name=/10, inputs=[], perturbed=False)
  (/11): BoundParams(name=/11, inputs=[], perturbed=False)
  (/12): BoundParams(name=/12, inputs=[], perturbed=False)
  (/13): BoundParams(name=/13, inputs=[], perturbed=False)
  (/14): BoundParams(name=/14, inputs=[], perturbed=False)
  (/15): BoundParams(name=/15, inputs=[], perturbed=False)
  (/16): BoundParams(name=/16, inputs=[], perturbed=False)
  (/17): BoundParams(name=/17, inputs=[], perturbed=False)
  (/input): BoundConv(name=/input, inputs=[/input-1, /10, /11], perturbed=True)
  (/input-4): BoundRelu(name=/input-4, inputs=[/input], perturbed=True)
  (/input-8): BoundConv(name=/input-8, inputs=[/input-4, /12, /13], perturbed=True)
  (/21): BoundRelu(name=/21, inputs=[/input-8], perturbed=True)
  (/22): BoundSplit(name=/22, inputs=[/shape], perturbed=False)
  (/23): BoundSplit(name=/23, inputs=[/shape], perturbed=False)
  (/24): BoundConstant(name=/24, value=tensor([0], device='cuda:0'))
  (/25): BoundSqueeze(name=/25, inputs=[/22, /24], perturbed=False)
  (/26): BoundConstant(name=/26, value=tensor([0], device='cuda:0'))
  (/27): BoundSqueeze(name=/27, inputs=[/23, /26], perturbed=False)
  (/28): BoundConstant(name=/28, value=tensor([0], device='cuda:0'))
  (/29): BoundUnsqueeze(name=/29, inputs=[/25, /28], perturbed=False)
  (/30): BoundConstant(name=/30, value=tensor([0], device='cuda:0'))
  (/31): BoundUnsqueeze(name=/31, inputs=[/27, /30], perturbed=False)
  (/32): BoundConcat(name=/32, inputs=[/29, /31], perturbed=False)
  (/33): BoundReshape(name=/33, inputs=[/21, /32], perturbed=True)
  (/input-12): BoundLinear(name=/input-12, inputs=[/33, /14, /15], perturbed=True)
  (/35): BoundRelu(name=/35, inputs=[/input-12], perturbed=True)
  (/36): BoundLinear(name=/36, inputs=[/35, /16, /17], perturbed=True)
)
Original output in the first batch: tensor([[  4.50243807, -11.52464008,  -2.26569295,  -3.63438988,  -3.99018431,
          -3.47533798,  -1.48850763,  -5.05373669,  -4.37935734,  -2.67299104]],
       device='cuda:0')
Split layers:
Nonlinear functions:
   BoundRelu(name=/input-4, inputs=[/input], perturbed=True)
   BoundRelu(name=/21, inputs=[/input-8], perturbed=True)
   BoundRelu(name=/35, inputs=[/input-12], perturbed=True)
build batch [1/1]
layer /input-4 using sparse-features alpha with shape [76]; unstable size 76; total size 3136 ([1, 16, 14, 14])
layer /input-4 start_node /input-8 using sparse-spec alpha [2, 62, 1, 76] with unstable size 61 total_size 1568 output_shape (32, 7, 7)
layer /input-4 start_node /input-12 using sparse-spec alpha [2, 8, 1, 76] with unstable size 7 total_size 100 output_shape torch.Size([100])
layer /input-4 start_node /36 using full alpha [2, 9, 1, 76] with unstable size None total_size 9 output_shape 9
layer /21 using sparse-features alpha with shape [61]; unstable size 61; total size 1568 ([1, 32, 7, 7])
layer /21 start_node /input-12 using sparse-spec alpha [2, 8, 1, 61] with unstable size 7 total_size 100 output_shape torch.Size([100])
layer /21 start_node /36 using full alpha [2, 9, 1, 61] with unstable size None total_size 9 output_shape 9
layer /35 using sparse-features alpha with shape [7]; unstable size 7; total size 100 ([1, 100])
layer /35 start_node /36 using full alpha [2, 9, 1, 7] with unstable size None total_size 9 output_shape 9
Optimizable variables initialized.
initial CROWN bounds (first 10 items): [14.018301010131836, 5.627562046051025, 6.853184223175049, 6.626708984375, 6.887306213378906, 4.604165554046631, 7.69116735458374, 7.59235954284668, 5.630312442779541]
Verified with initial CROWN!
verified with init bound!
Result: safe-incomplete in 0.0698 seconds

 %%%%%%%%%%%%%%%%%%%%%%%%%%%%%%%%%%% idx: 4, vnnlib ID: 4 %%%%%%%%%%%%%%%%%%%%%%%%%%%%%%%%%%%
Finished vnnlib processing in 0.001248 seconds
Model: BoundedModule(
  (/input-1): BoundInput(name=/input-1, inputs=[], perturbed=True)
  (/shape): BoundBuffers(name=/shape, inputs=[], perturbed=False)
  (/10): BoundParams(name=/10, inputs=[], perturbed=False)
  (/11): BoundParams(name=/11, inputs=[], perturbed=False)
  (/12): BoundParams(name=/12, inputs=[], perturbed=False)
  (/13): BoundParams(name=/13, inputs=[], perturbed=False)
  (/14): BoundParams(name=/14, inputs=[], perturbed=False)
  (/15): BoundParams(name=/15, inputs=[], perturbed=False)
  (/16): BoundParams(name=/16, inputs=[], perturbed=False)
  (/17): BoundParams(name=/17, inputs=[], perturbed=False)
  (/input): BoundConv(name=/input, inputs=[/input-1, /10, /11], perturbed=True)
  (/input-4): BoundRelu(name=/input-4, inputs=[/input], perturbed=True)
  (/input-8): BoundConv(name=/input-8, inputs=[/input-4, /12, /13], perturbed=True)
  (/21): BoundRelu(name=/21, inputs=[/input-8], perturbed=True)
  (/22): BoundSplit(name=/22, inputs=[/shape], perturbed=False)
  (/23): BoundSplit(name=/23, inputs=[/shape], perturbed=False)
  (/24): BoundConstant(name=/24, value=tensor([0], device='cuda:0'))
  (/25): BoundSqueeze(name=/25, inputs=[/22, /24], perturbed=False)
  (/26): BoundConstant(name=/26, value=tensor([0], device='cuda:0'))
  (/27): BoundSqueeze(name=/27, inputs=[/23, /26], perturbed=False)
  (/28): BoundConstant(name=/28, value=tensor([0], device='cuda:0'))
  (/29): BoundUnsqueeze(name=/29, inputs=[/25, /28], perturbed=False)
  (/30): BoundConstant(name=/30, value=tensor([0], device='cuda:0'))
  (/31): BoundUnsqueeze(name=/31, inputs=[/27, /30], perturbed=False)
  (/32): BoundConcat(name=/32, inputs=[/29, /31], perturbed=False)
  (/33): BoundReshape(name=/33, inputs=[/21, /32], perturbed=True)
  (/input-12): BoundLinear(name=/input-12, inputs=[/33, /14, /15], perturbed=True)
  (/35): BoundRelu(name=/35, inputs=[/input-12], perturbed=True)
  (/36): BoundLinear(name=/36, inputs=[/35, /16, /17], perturbed=True)
)
Original output in the first batch: tensor([[-4.05227184, -8.03941345, -2.75208497, -5.04404926,  5.88450289,
         -5.13337040, -3.57184339, -1.00002205, -3.77427959,  2.21477437]],
       device='cuda:0')
Split layers:
Nonlinear functions:
   BoundRelu(name=/input-4, inputs=[/input], perturbed=True)
   BoundRelu(name=/21, inputs=[/input-8], perturbed=True)
   BoundRelu(name=/35, inputs=[/input-12], perturbed=True)
build batch [1/1]
layer /input-4 using sparse-features alpha with shape [60]; unstable size 60; total size 3136 ([1, 16, 14, 14])
layer /input-4 start_node /input-8 using sparse-spec alpha [2, 55, 1, 60] with unstable size 54 total_size 1568 output_shape (32, 7, 7)
layer /input-4 start_node /input-12 using sparse-spec alpha [2, 5, 1, 60] with unstable size 4 total_size 100 output_shape torch.Size([100])
layer /input-4 start_node /36 using full alpha [2, 9, 1, 60] with unstable size None total_size 9 output_shape 9
layer /21 using sparse-features alpha with shape [54]; unstable size 54; total size 1568 ([1, 32, 7, 7])
layer /21 start_node /input-12 using sparse-spec alpha [2, 5, 1, 54] with unstable size 4 total_size 100 output_shape torch.Size([100])
layer /21 start_node /36 using full alpha [2, 9, 1, 54] with unstable size None total_size 9 output_shape 9
layer /35 using sparse-features alpha with shape [4]; unstable size 4; total size 100 ([1, 100])
layer /35 start_node /36 using full alpha [2, 9, 1, 4] with unstable size None total_size 9 output_shape 9
Optimizable variables initialized.
initial CROWN bounds (first 10 items): [8.084360122680664, 12.123741149902344, 7.138370513916016, 9.428762435913086, 9.486812591552734, 7.679726600646973, 5.534346580505371, 8.26648998260498, 3.186188220977783]
Verified with initial CROWN!
verified with init bound!
Result: safe-incomplete in 0.0618 seconds

 %%%%%%%%%%%%%%%%%%%%%%%%%%%%%%%%%%% idx: 5, vnnlib ID: 5 %%%%%%%%%%%%%%%%%%%%%%%%%%%%%%%%%%%
Finished vnnlib processing in 0.001242 seconds
Model: BoundedModule(
  (/input-1): BoundInput(name=/input-1, inputs=[], perturbed=True)
  (/shape): BoundBuffers(name=/shape, inputs=[], perturbed=False)
  (/10): BoundParams(name=/10, inputs=[], perturbed=False)
  (/11): BoundParams(name=/11, inputs=[], perturbed=False)
  (/12): BoundParams(name=/12, inputs=[], perturbed=False)
  (/13): BoundParams(name=/13, inputs=[], perturbed=False)
  (/14): BoundParams(name=/14, inputs=[], perturbed=False)
  (/15): BoundParams(name=/15, inputs=[], perturbed=False)
  (/16): BoundParams(name=/16, inputs=[], perturbed=False)
  (/17): BoundParams(name=/17, inputs=[], perturbed=False)
  (/input): BoundConv(name=/input, inputs=[/input-1, /10, /11], perturbed=True)
  (/input-4): BoundRelu(name=/input-4, inputs=[/input], perturbed=True)
  (/input-8): BoundConv(name=/input-8, inputs=[/input-4, /12, /13], perturbed=True)
  (/21): BoundRelu(name=/21, inputs=[/input-8], perturbed=True)
  (/22): BoundSplit(name=/22, inputs=[/shape], perturbed=False)
  (/23): BoundSplit(name=/23, inputs=[/shape], perturbed=False)
  (/24): BoundConstant(name=/24, value=tensor([0], device='cuda:0'))
  (/25): BoundSqueeze(name=/25, inputs=[/22, /24], perturbed=False)
  (/26): BoundConstant(name=/26, value=tensor([0], device='cuda:0'))
  (/27): BoundSqueeze(name=/27, inputs=[/23, /26], perturbed=False)
  (/28): BoundConstant(name=/28, value=tensor([0], device='cuda:0'))
  (/29): BoundUnsqueeze(name=/29, inputs=[/25, /28], perturbed=False)
  (/30): BoundConstant(name=/30, value=tensor([0], device='cuda:0'))
  (/31): BoundUnsqueeze(name=/31, inputs=[/27, /30], perturbed=False)
  (/32): BoundConcat(name=/32, inputs=[/29, /31], perturbed=False)
  (/33): BoundReshape(name=/33, inputs=[/21, /32], perturbed=True)
  (/input-12): BoundLinear(name=/input-12, inputs=[/33, /14, /15], perturbed=True)
  (/35): BoundRelu(name=/35, inputs=[/input-12], perturbed=True)
  (/36): BoundLinear(name=/36, inputs=[/35, /16, /17], perturbed=True)
)
Original output in the first batch: tensor([[-5.74486589,  4.10955143, -2.23177004, -3.47466707, -2.64582253,
         -4.03898191, -3.62973452, -1.02436996, -2.00193667, -4.72782612]],
       device='cuda:0')
Split layers:
Nonlinear functions:
   BoundRelu(name=/input-4, inputs=[/input], perturbed=True)
   BoundRelu(name=/21, inputs=[/input-8], perturbed=True)
   BoundRelu(name=/35, inputs=[/input-12], perturbed=True)
build batch [1/1]
layer /input-4 using sparse-features alpha with shape [45]; unstable size 45; total size 3136 ([1, 16, 14, 14])
layer /input-4 start_node /input-8 using sparse-spec alpha [2, 35, 1, 45] with unstable size 34 total_size 1568 output_shape (32, 7, 7)
layer /input-4 start_node /input-12 using sparse-spec alpha [2, 2, 1, 45] with unstable size 1 total_size 100 output_shape torch.Size([100])
layer /input-4 start_node /36 using full alpha [2, 9, 1, 45] with unstable size None total_size 9 output_shape 9
layer /21 using sparse-features alpha with shape [34]; unstable size 34; total size 1568 ([1, 32, 7, 7])
layer /21 start_node /input-12 using sparse-spec alpha [2, 2, 1, 34] with unstable size 1 total_size 100 output_shape torch.Size([100])
layer /21 start_node /36 using full alpha [2, 9, 1, 34] with unstable size None total_size 9 output_shape 9
layer /35 using sparse-features alpha with shape [1]; unstable size 1; total size 100 ([1, 100])
layer /35 start_node /36 using full alpha [2, 9, 1, 1] with unstable size None total_size 9 output_shape 9
Optimizable variables initialized.
initial CROWN bounds (first 10 items): [8.819252967834473, 5.417333602905273, 6.4085693359375, 5.967494010925293, 6.883247375488281, 6.676822662353516, 3.997849941253662, 5.327817440032959, 7.609869003295898]
Verified with initial CROWN!
verified with init bound!
Result: safe-incomplete in 0.0671 seconds

 %%%%%%%%%%%%%%%%%%%%%%%%%%%%%%%%%%% idx: 6, vnnlib ID: 6 %%%%%%%%%%%%%%%%%%%%%%%%%%%%%%%%%%%
Finished vnnlib processing in 0.001236 seconds
Model: BoundedModule(
  (/input-1): BoundInput(name=/input-1, inputs=[], perturbed=True)
  (/shape): BoundBuffers(name=/shape, inputs=[], perturbed=False)
  (/10): BoundParams(name=/10, inputs=[], perturbed=False)
  (/11): BoundParams(name=/11, inputs=[], perturbed=False)
  (/12): BoundParams(name=/12, inputs=[], perturbed=False)
  (/13): BoundParams(name=/13, inputs=[], perturbed=False)
  (/14): BoundParams(name=/14, inputs=[], perturbed=False)
  (/15): BoundParams(name=/15, inputs=[], perturbed=False)
  (/16): BoundParams(name=/16, inputs=[], perturbed=False)
  (/17): BoundParams(name=/17, inputs=[], perturbed=False)
  (/input): BoundConv(name=/input, inputs=[/input-1, /10, /11], perturbed=True)
  (/input-4): BoundRelu(name=/input-4, inputs=[/input], perturbed=True)
  (/input-8): BoundConv(name=/input-8, inputs=[/input-4, /12, /13], perturbed=True)
  (/21): BoundRelu(name=/21, inputs=[/input-8], perturbed=True)
  (/22): BoundSplit(name=/22, inputs=[/shape], perturbed=False)
  (/23): BoundSplit(name=/23, inputs=[/shape], perturbed=False)
  (/24): BoundConstant(name=/24, value=tensor([0], device='cuda:0'))
  (/25): BoundSqueeze(name=/25, inputs=[/22, /24], perturbed=False)
  (/26): BoundConstant(name=/26, value=tensor([0], device='cuda:0'))
  (/27): BoundSqueeze(name=/27, inputs=[/23, /26], perturbed=False)
  (/28): BoundConstant(name=/28, value=tensor([0], device='cuda:0'))
  (/29): BoundUnsqueeze(name=/29, inputs=[/25, /28], perturbed=False)
  (/30): BoundConstant(name=/30, value=tensor([0], device='cuda:0'))
  (/31): BoundUnsqueeze(name=/31, inputs=[/27, /30], perturbed=False)
  (/32): BoundConcat(name=/32, inputs=[/29, /31], perturbed=False)
  (/33): BoundReshape(name=/33, inputs=[/21, /32], perturbed=True)
  (/input-12): BoundLinear(name=/input-12, inputs=[/33, /14, /15], perturbed=True)
  (/35): BoundRelu(name=/35, inputs=[/input-12], perturbed=True)
  (/36): BoundLinear(name=/36, inputs=[/35, /16, /17], perturbed=True)
)
Original output in the first batch: tensor([[-8.17215061, -1.78140903, -4.50935602, -1.36548245,  5.03911638,
         -1.97925210, -6.33068943,  0.68982494, -0.16406268,  1.33605731]],
       device='cuda:0')
Split layers:
Nonlinear functions:
   BoundRelu(name=/input-4, inputs=[/input], perturbed=True)
   BoundRelu(name=/21, inputs=[/input-8], perturbed=True)
   BoundRelu(name=/35, inputs=[/input-12], perturbed=True)
build batch [1/1]
layer /input-4 using sparse-features alpha with shape [76]; unstable size 76; total size 3136 ([1, 16, 14, 14])
layer /input-4 start_node /input-8 using sparse-spec alpha [2, 55, 1, 76] with unstable size 54 total_size 1568 output_shape (32, 7, 7)
layer /input-4 start_node /input-12 using sparse-spec alpha [2, 5, 1, 76] with unstable size 4 total_size 100 output_shape torch.Size([100])
layer /input-4 start_node /36 using full alpha [2, 9, 1, 76] with unstable size None total_size 9 output_shape 9
layer /21 using sparse-features alpha with shape [54]; unstable size 54; total size 1568 ([1, 32, 7, 7])
layer /21 start_node /input-12 using sparse-spec alpha [2, 5, 1, 54] with unstable size 4 total_size 100 output_shape torch.Size([100])
layer /21 start_node /36 using full alpha [2, 9, 1, 54] with unstable size None total_size 9 output_shape 9
layer /35 using sparse-features alpha with shape [4]; unstable size 4; total size 100 ([1, 100])
layer /35 start_node /36 using full alpha [2, 9, 1, 4] with unstable size None total_size 9 output_shape 9
Optimizable variables initialized.
initial CROWN bounds (first 10 items): [11.165550231933594, 5.004824638366699, 7.553779125213623, 4.524336814880371, 5.457517623901367, 9.298192977905273, 2.8997015953063965, 3.7957990169525146, 2.9235923290252686]
Verified with initial CROWN!
verified with init bound!
Result: safe-incomplete in 0.0600 seconds

 %%%%%%%%%%%%%%%%%%%%%%%%%%%%%%%%%%% idx: 7, vnnlib ID: 7 %%%%%%%%%%%%%%%%%%%%%%%%%%%%%%%%%%%
Finished vnnlib processing in 0.001253 seconds
Model: BoundedModule(
  (/input-1): BoundInput(name=/input-1, inputs=[], perturbed=True)
  (/shape): BoundBuffers(name=/shape, inputs=[], perturbed=False)
  (/10): BoundParams(name=/10, inputs=[], perturbed=False)
  (/11): BoundParams(name=/11, inputs=[], perturbed=False)
  (/12): BoundParams(name=/12, inputs=[], perturbed=False)
  (/13): BoundParams(name=/13, inputs=[], perturbed=False)
  (/14): BoundParams(name=/14, inputs=[], perturbed=False)
  (/15): BoundParams(name=/15, inputs=[], perturbed=False)
  (/16): BoundParams(name=/16, inputs=[], perturbed=False)
  (/17): BoundParams(name=/17, inputs=[], perturbed=False)
  (/input): BoundConv(name=/input, inputs=[/input-1, /10, /11], perturbed=True)
  (/input-4): BoundRelu(name=/input-4, inputs=[/input], perturbed=True)
  (/input-8): BoundConv(name=/input-8, inputs=[/input-4, /12, /13], perturbed=True)
  (/21): BoundRelu(name=/21, inputs=[/input-8], perturbed=True)
  (/22): BoundSplit(name=/22, inputs=[/shape], perturbed=False)
  (/23): BoundSplit(name=/23, inputs=[/shape], perturbed=False)
  (/24): BoundConstant(name=/24, value=tensor([0], device='cuda:0'))
  (/25): BoundSqueeze(name=/25, inputs=[/22, /24], perturbed=False)
  (/26): BoundConstant(name=/26, value=tensor([0], device='cuda:0'))
  (/27): BoundSqueeze(name=/27, inputs=[/23, /26], perturbed=False)
  (/28): BoundConstant(name=/28, value=tensor([0], device='cuda:0'))
  (/29): BoundUnsqueeze(name=/29, inputs=[/25, /28], perturbed=False)
  (/30): BoundConstant(name=/30, value=tensor([0], device='cuda:0'))
  (/31): BoundUnsqueeze(name=/31, inputs=[/27, /30], perturbed=False)
  (/32): BoundConcat(name=/32, inputs=[/29, /31], perturbed=False)
  (/33): BoundReshape(name=/33, inputs=[/21, /32], perturbed=True)
  (/input-12): BoundLinear(name=/input-12, inputs=[/33, /14, /15], perturbed=True)
  (/35): BoundRelu(name=/35, inputs=[/input-12], perturbed=True)
  (/36): BoundLinear(name=/36, inputs=[/35, /16, /17], perturbed=True)
)
Original output in the first batch: tensor([[-8.74884033, -3.06688356, -0.68738699, -0.93003643,  1.66738784,
         -1.17564154, -4.32220221, -2.23488188, -1.46954548,  2.27367973]],
       device='cuda:0')
Split layers:
Nonlinear functions:
   BoundRelu(name=/input-4, inputs=[/input], perturbed=True)
   BoundRelu(name=/21, inputs=[/input-8], perturbed=True)
   BoundRelu(name=/35, inputs=[/input-12], perturbed=True)
build batch [1/1]
layer /input-4 using sparse-features alpha with shape [65]; unstable size 65; total size 3136 ([1, 16, 14, 14])
layer /input-4 start_node /input-8 using sparse-spec alpha [2, 50, 1, 65] with unstable size 49 total_size 1568 output_shape (32, 7, 7)
layer /input-4 start_node /input-12 using sparse-spec alpha [2, 6, 1, 65] with unstable size 5 total_size 100 output_shape torch.Size([100])
layer /input-4 start_node /36 using full alpha [2, 9, 1, 65] with unstable size None total_size 9 output_shape 9
layer /21 using sparse-features alpha with shape [49]; unstable size 49; total size 1568 ([1, 32, 7, 7])
layer /21 start_node /input-12 using sparse-spec alpha [2, 6, 1, 49] with unstable size 5 total_size 100 output_shape torch.Size([100])
layer /21 start_node /36 using full alpha [2, 9, 1, 49] with unstable size None total_size 9 output_shape 9
layer /35 using sparse-features alpha with shape [5]; unstable size 5; total size 100 ([1, 100])
layer /35 start_node /36 using full alpha [2, 9, 1, 5] with unstable size None total_size 9 output_shape 9
Optimizable variables initialized.
initial CROWN bounds (first 10 items): [8.996872901916504, 3.507296562194824, 1.5026488304138184, 2.0119006633758545, 0.19037747383117676, 2.260079860687256, 4.666254997253418, 3.277722120285034, 2.904189109802246]
Verified with initial CROWN!
verified with init bound!
Result: safe-incomplete in 0.0590 seconds

 %%%%%%%%%%%%%%%%%%%%%%%%%%%%%%%%%%% idx: 8, vnnlib ID: 8 %%%%%%%%%%%%%%%%%%%%%%%%%%%%%%%%%%%
Finished vnnlib processing in 0.001239 seconds
Model: BoundedModule(
  (/input-1): BoundInput(name=/input-1, inputs=[], perturbed=True)
  (/shape): BoundBuffers(name=/shape, inputs=[], perturbed=False)
  (/10): BoundParams(name=/10, inputs=[], perturbed=False)
  (/11): BoundParams(name=/11, inputs=[], perturbed=False)
  (/12): BoundParams(name=/12, inputs=[], perturbed=False)
  (/13): BoundParams(name=/13, inputs=[], perturbed=False)
  (/14): BoundParams(name=/14, inputs=[], perturbed=False)
  (/15): BoundParams(name=/15, inputs=[], perturbed=False)
  (/16): BoundParams(name=/16, inputs=[], perturbed=False)
  (/17): BoundParams(name=/17, inputs=[], perturbed=False)
  (/input): BoundConv(name=/input, inputs=[/input-1, /10, /11], perturbed=True)
  (/input-4): BoundRelu(name=/input-4, inputs=[/input], perturbed=True)
  (/input-8): BoundConv(name=/input-8, inputs=[/input-4, /12, /13], perturbed=True)
  (/21): BoundRelu(name=/21, inputs=[/input-8], perturbed=True)
  (/22): BoundSplit(name=/22, inputs=[/shape], perturbed=False)
  (/23): BoundSplit(name=/23, inputs=[/shape], perturbed=False)
  (/24): BoundConstant(name=/24, value=tensor([0], device='cuda:0'))
  (/25): BoundSqueeze(name=/25, inputs=[/22, /24], perturbed=False)
  (/26): BoundConstant(name=/26, value=tensor([0], device='cuda:0'))
  (/27): BoundSqueeze(name=/27, inputs=[/23, /26], perturbed=False)
  (/28): BoundConstant(name=/28, value=tensor([0], device='cuda:0'))
  (/29): BoundUnsqueeze(name=/29, inputs=[/25, /28], perturbed=False)
  (/30): BoundConstant(name=/30, value=tensor([0], device='cuda:0'))
  (/31): BoundUnsqueeze(name=/31, inputs=[/27, /30], perturbed=False)
  (/32): BoundConcat(name=/32, inputs=[/29, /31], perturbed=False)
  (/33): BoundReshape(name=/33, inputs=[/21, /32], perturbed=True)
  (/input-12): BoundLinear(name=/input-12, inputs=[/33, /14, /15], perturbed=True)
  (/35): BoundRelu(name=/35, inputs=[/input-12], perturbed=True)
  (/36): BoundLinear(name=/36, inputs=[/35, /16, /17], perturbed=True)
)
Original output in the first batch: tensor([[-5.49677753e+00, -9.69581604e+00, -4.22427464e+00, -5.12915707e+00,
         -3.24412203e+00,  5.41147852e+00,  3.99632978e+00, -7.34957600e+00,
         -4.33123112e-03, -2.36359859e+00]], device='cuda:0')
Split layers:
Nonlinear functions:
   BoundRelu(name=/input-4, inputs=[/input], perturbed=True)
   BoundRelu(name=/21, inputs=[/input-8], perturbed=True)
   BoundRelu(name=/35, inputs=[/input-12], perturbed=True)
build batch [1/1]
layer /input-4 using sparse-features alpha with shape [94]; unstable size 94; total size 3136 ([1, 16, 14, 14])
layer /input-4 start_node /input-8 using sparse-spec alpha [2, 55, 1, 94] with unstable size 54 total_size 1568 output_shape (32, 7, 7)
layer /input-4 start_node /input-12 using sparse-spec alpha [2, 8, 1, 94] with unstable size 7 total_size 100 output_shape torch.Size([100])
layer /input-4 start_node /36 using full alpha [2, 9, 1, 94] with unstable size None total_size 9 output_shape 9
layer /21 using sparse-features alpha with shape [54]; unstable size 54; total size 1568 ([1, 32, 7, 7])
layer /21 start_node /input-12 using sparse-spec alpha [2, 8, 1, 54] with unstable size 7 total_size 100 output_shape torch.Size([100])
layer /21 start_node /36 using full alpha [2, 9, 1, 54] with unstable size None total_size 9 output_shape 9
layer /35 using sparse-features alpha with shape [7]; unstable size 7; total size 100 ([1, 100])
layer /35 start_node /36 using full alpha [2, 9, 1, 7] with unstable size None total_size 9 output_shape 9
Optimizable variables initialized.
initial CROWN bounds (first 10 items): [8.087504386901855, 12.204673767089844, 6.879719257354736, 8.77107048034668, 6.358716011047363, -0.2916133403778076, 9.910656929016113, 4.053619384765625, 5.515527725219727]
prune_after_crown optimization in use
  original spec size = torch.Size([1, 9])
  pruned spec size = torch.Size([1, 1])
Using alpha-CROWN to initialize bounds.

all verified at 19th iter
best_l after optimization: 2.288818359375e-05
alpha/beta optimization time: 2.2959182262420654
initial alpha-crown bounds (first 10 items): [2.288818359375e-05]
Global lower bound: 2.288818359375e-05
verified with init bound!
Result: safe-incomplete in 2.3562 seconds

 %%%%%%%%%%%%%%%%%%%%%%%%%%%%%%%%%%% idx: 9, vnnlib ID: 9 %%%%%%%%%%%%%%%%%%%%%%%%%%%%%%%%%%%
Finished vnnlib processing in 0.001302 seconds
Model: BoundedModule(
  (/input-1): BoundInput(name=/input-1, inputs=[], perturbed=True)
  (/shape): BoundBuffers(name=/shape, inputs=[], perturbed=False)
  (/10): BoundParams(name=/10, inputs=[], perturbed=False)
  (/11): BoundParams(name=/11, inputs=[], perturbed=False)
  (/12): BoundParams(name=/12, inputs=[], perturbed=False)
  (/13): BoundParams(name=/13, inputs=[], perturbed=False)
  (/14): BoundParams(name=/14, inputs=[], perturbed=False)
  (/15): BoundParams(name=/15, inputs=[], perturbed=False)
  (/16): BoundParams(name=/16, inputs=[], perturbed=False)
  (/17): BoundParams(name=/17, inputs=[], perturbed=False)
  (/input): BoundConv(name=/input, inputs=[/input-1, /10, /11], perturbed=True)
  (/input-4): BoundRelu(name=/input-4, inputs=[/input], perturbed=True)
  (/input-8): BoundConv(name=/input-8, inputs=[/input-4, /12, /13], perturbed=True)
  (/21): BoundRelu(name=/21, inputs=[/input-8], perturbed=True)
  (/22): BoundSplit(name=/22, inputs=[/shape], perturbed=False)
  (/23): BoundSplit(name=/23, inputs=[/shape], perturbed=False)
  (/24): BoundConstant(name=/24, value=tensor([0], device='cuda:0'))
  (/25): BoundSqueeze(name=/25, inputs=[/22, /24], perturbed=False)
  (/26): BoundConstant(name=/26, value=tensor([0], device='cuda:0'))
  (/27): BoundSqueeze(name=/27, inputs=[/23, /26], perturbed=False)
  (/28): BoundConstant(name=/28, value=tensor([0], device='cuda:0'))
  (/29): BoundUnsqueeze(name=/29, inputs=[/25, /28], perturbed=False)
  (/30): BoundConstant(name=/30, value=tensor([0], device='cuda:0'))
  (/31): BoundUnsqueeze(name=/31, inputs=[/27, /30], perturbed=False)
  (/32): BoundConcat(name=/32, inputs=[/29, /31], perturbed=False)
  (/33): BoundReshape(name=/33, inputs=[/21, /32], perturbed=True)
  (/input-12): BoundLinear(name=/input-12, inputs=[/33, /14, /15], perturbed=True)
  (/35): BoundRelu(name=/35, inputs=[/input-12], perturbed=True)
  (/36): BoundLinear(name=/36, inputs=[/35, /16, /17], perturbed=True)
)
Original output in the first batch: tensor([[-4.71242237, -8.54816532, -5.40652037, -2.58696651,  1.35590589,
         -3.43783998, -8.65180492,  1.66305721,  0.35973340,  4.33332586]],
       device='cuda:0')
Split layers:
Nonlinear functions:
   BoundRelu(name=/input-4, inputs=[/input], perturbed=True)
   BoundRelu(name=/21, inputs=[/input-8], perturbed=True)
   BoundRelu(name=/35, inputs=[/input-12], perturbed=True)
build batch [1/1]
layer /input-4 using sparse-features alpha with shape [86]; unstable size 86; total size 3136 ([1, 16, 14, 14])
layer /input-4 start_node /input-8 using sparse-spec alpha [2, 42, 1, 86] with unstable size 41 total_size 1568 output_shape (32, 7, 7)
layer /input-4 start_node /input-12 using sparse-spec alpha [2, 5, 1, 86] with unstable size 4 total_size 100 output_shape torch.Size([100])
layer /input-4 start_node /36 using full alpha [2, 9, 1, 86] with unstable size None total_size 9 output_shape 9
layer /21 using sparse-features alpha with shape [41]; unstable size 41; total size 1568 ([1, 32, 7, 7])
layer /21 start_node /input-12 using sparse-spec alpha [2, 5, 1, 41] with unstable size 4 total_size 100 output_shape torch.Size([100])
layer /21 start_node /36 using full alpha [2, 9, 1, 41] with unstable size None total_size 9 output_shape 9
layer /35 using sparse-features alpha with shape [4]; unstable size 4; total size 100 ([1, 100])
layer /35 start_node /36 using full alpha [2, 9, 1, 4] with unstable size None total_size 9 output_shape 9
Optimizable variables initialized.
initial CROWN bounds (first 10 items): [7.160361289978027, 10.576156616210938, 8.276429176330566, 5.771143913269043, 2.0733275413513184, 6.255882740020752, 10.39502239227295, 1.402360200881958, 2.891429901123047]
Verified with initial CROWN!
verified with init bound!
Result: safe-incomplete in 0.1130 seconds
############# Summary #############
Final verified acc: 100.0% (total 10 examples)
Problem instances count: 10 , total verified (safe/unsat): 10 , total falsified (unsafe/sat): 0 , timeout: 0
mean time for ALL instances (total 10):1.228891025938381, max time: 9.278245210647583
mean time for verified SAFE instances(total 10): 1.2288922548294068, max time: 9.278245210647583
safe-incomplete (total 10), index: [0, 1, 2, 3, 4, 5, 6, 7, 8, 9]

=== STDERR ===
/mmfs1/gscratch/scrubbed/sgvtc/E-graphs for Verifiability/alpha-beta-CROWN/.venv/lib/python3.11/site-packages/torch/jit/_script.py:1488: DeprecationWarning: `torch.jit.script` is deprecated. Please switch to `torch.compile` or `torch.export`.
  warnings.warn(
/mmfs1/gscratch/scrubbed/sgvtc/E-graphs for Verifiability/alpha-beta-CROWN/.venv/lib/python3.11/site-packages/onnx2pytorch/convert/layer.py:31: UserWarning: The given NumPy array is not writable, and PyTorch does not support non-writable tensors. This means writing to this tensor will result in undefined behavior. You may want to copy the array to protect its data or make it writable before converting it to a tensor. This type of warning will be suppressed for the rest of this program. (Triggered internally at /pytorch/torch/csrc/utils/tensor_numpy.cpp:213.)
  layer.bias.data = torch.from_numpy(numpy_helper.to_array(bias))
/mmfs1/gscratch/scrubbed/sgvtc/E-graphs for Verifiability/alpha-beta-CROWN/.venv/lib/python3.11/site-packages/onnx2pytorch/convert/model.py:151: UserWarning: Using experimental implementation that allows 'batch_size > 1'.Batchnorm layers could potentially produce false outputs.
  warnings.warn(
/mmfs1/gscratch/scrubbed/sgvtc/E-graphs for Verifiability/alpha-beta-CROWN/complete_verifier/specifications.py:342: UserWarning: Creating a tensor from a list of numpy.ndarrays is extremely slow. Please consider converting the list to a single numpy.ndarray with numpy.array() before converting to a tensor. (Triggered internally at /pytorch/torch/csrc/utils/tensor_new.cpp:253.)
  x_range_list = torch.Tensor(x_range_list).to(dtype=dtype, device=device).view(input_shape + [2])
/mmfs1/gscratch/scrubbed/sgvtc/E-graphs for Verifiability/alpha-beta-CROWN/.venv/lib/python3.11/site-packages/onnx2pytorch/operations/reshape.py:36: TracerWarning: Converting a tensor to a Python boolean might cause the trace to be incorrect. We can't record the data flow of Python values, so this value will be treated as a constant in the future. This means that the trace might not generalize to other inputs!
  if shape[0] == 1 and len(shape) in [2, 3, 4, 5] and self.quirks.get("fix_batch_size") is True:
/mmfs1/gscratch/scrubbed/sgvtc/E-graphs for Verifiability/alpha-beta-CROWN/.venv/lib/python3.11/site-packages/onnx2pytorch/operations/reshape.py:54: TracerWarning: torch.tensor results are registered as constants in the trace. You can safely ignore this warning if you use this function to create tensors out of constant variables that would be the same every time you call this function. In any other case, this might cause the trace to be incorrect.
  if (torch.prod(torch.tensor(input.shape)) != torch.prod(shape) and len(input.size()) == len(shape) + 1
/mmfs1/gscratch/scrubbed/sgvtc/E-graphs for Verifiability/alpha-beta-CROWN/.venv/lib/python3.11/site-packages/onnx2pytorch/operations/reshape.py:54: TracerWarning: Using len to get tensor shape might cause the trace to be incorrect. Recommended usage would be tensor.shape[0]. Passing a tensor of different shape might lead to errors or silently give incorrect results.
  if (torch.prod(torch.tensor(input.shape)) != torch.prod(shape) and len(input.size()) == len(shape) + 1
/mmfs1/gscratch/scrubbed/sgvtc/E-graphs for Verifiability/alpha-beta-CROWN/.venv/lib/python3.11/site-packages/onnx2pytorch/operations/reshape.py:58: TracerWarning: Iterating over a tensor might cause the trace to be incorrect. Passing a tensor of different shape won't change the number of iterations executed (and might lead to errors or silently give incorrect results).
  shape = [x if x != 0 else input.size(i) for i, x in enumerate(shape)]
/mmfs1/gscratch/scrubbed/sgvtc/E-graphs for Verifiability/alpha-beta-CROWN/complete_verifier/auto_LiRPA/operators/leaf.py:93: UserWarning: The "has_batchdim" option for BoundBuffers is deprecated. It may be removed from the next release.
  warnings.warn('The "has_batchdim" option for BoundBuffers is deprecated.'

